[backblue.gif]
[fade.gif]
[index.html]
[localhost/AnhMinh/feed/index.html]
[localhost/AnhMinh/comments/feed/index.html]
[localhost/AnhMinh/wp-content/themes/flatsome/assets/css/icons/fl-iconsae55.eot]
[localhost/AnhMinh/wp-content/themes/flatsome/assets/css/icons/fl-icons.eot]
[localhost/AnhMinh/wp-content/themes/flatsome/assets/css/icons/fl-iconsae55.woff2]
[localhost/AnhMinh/wp-content/themes/flatsome/assets/css/icons/fl-iconsae55.ttf]
[localhost/AnhMinh/wp-content/themes/flatsome/assets/css/icons/fl-iconsae55.woff]
[localhost/AnhMinh/wp-includes/js/jquery/jquery.minaf6c.js]
[localhost/AnhMinh/wp-includes/js/jquery/jquery-migrate.mind617.js]
[localhost/AnhMinh/wp-json/index.html]
[localhost/AnhMinh/wp-json/wp/v2/pages/69.json]
[localhost/AnhMinh/xmlrpc0db0.php]
[localhost/AnhMinh/wp-includes/wlwmanifest.xml]
[localhost/AnhMinh/wp-json/oembed/1.0/embed23b5.json]
[localhost/AnhMinh/wp-json/oembed/1.0/embed7c09]
[localhost/AnhMinh/wp-content/uploads/2021/09/cropped-Thiet-ke-khong-ten-32x32.jpg]
[localhost/AnhMinh/wp-content/uploads/2021/09/cropped-Thiet-ke-khong-ten-192x192.jpg]
[localhost/AnhMinh/wp-content/uploads/2021/09/cropped-Thiet-ke-khong-ten-180x180.jpg]
[localhost/AnhMinh/wp-content/uploads/2021/09/cropped-Thiet-ke-khong-ten.jpg]
[localhost/AnhMinh/wp-content/uploads/2021/09/banner_01-1024x441.jpg]
[localhost/AnhMinh/wp-content/uploads/2021/09/mubh1-1024x432.jpg]
[localhost/AnhMinh/wp-content/uploads/2021/09/mubh_4-1024x683.jpg]
[localhost/AnhMinh/wp-content/uploads/2021/09/3-4_bulldog_perro_4u_6-300x300.jpg]
[localhost/AnhMinh/wp-content/uploads/2021/09/banner_3.png]
[localhost/AnhMinh/wp-content/uploads/2021/09/511_ngon_cut_1-300x300.jpg]
[localhost/AnhMinh/wp-content/uploads/2021/09/511_ngon_cut_2-300x300.jpg]
[localhost/AnhMinh/wp-content/uploads/2021/09/grs_a737k_1-300x300.jpg]
[localhost/AnhMinh/wp-content/uploads/2021/09/grs_a737k_2-300x300.jpg]
[localhost/AnhMinh/wp-content/uploads/2021/09/royal_m138b_1-300x300.jpg]
[localhost/AnhMinh/wp-content/uploads/2021/09/royal_m138b_2-300x300.jpg]
[localhost/AnhMinh/wp-content/uploads/2021/09/3-4_bulldog_heli_carbon_1-300x300.jpg]
[localhost/AnhMinh/wp-content/uploads/2021/09/3-4_bulldog_heli_carbon_2-300x300.jpg]
[localhost/AnhMinh/wp-content/uploads/2021/09/balo_3d_3-300x300.jpg]
[localhost/AnhMinh/wp-content/uploads/2021/09/balo_3d_1-300x300.jpg]
[localhost/AnhMinh/wp-content/uploads/2021/10/balo_pubg_1-300x300.jpg]
[localhost/AnhMinh/wp-content/uploads/2021/10/balo_pubg_2-300x300.jpg]
[localhost/AnhMinh/wp-content/uploads/2021/09/bulldog_pug_1-300x300.jpg]
[localhost/AnhMinh/wp-content/uploads/2021/09/bulldog_pug_4-300x300.jpg]
[localhost/AnhMinh/wp-content/uploads/2021/09/3-4_napoli_n099_1-300x300.jpg]
[localhost/AnhMinh/wp-content/uploads/2021/09/3-4_napoli_n099_2-300x300.jpg]
[localhost/AnhMinh/wp-content/uploads/2021/09/nua_dau_tem_1.jpg]
[localhost/AnhMinh/wp-content/uploads/2021/09/nua_dau_tem_2-300x300.jpg]
[localhost/AnhMinh/wp-content/uploads/2021/09/yohe_977_1-300x300.jpg]
[localhost/AnhMinh/wp-content/uploads/2021/09/yohe_977_2-300x300.jpg]
[localhost/AnhMinh/wp-content/uploads/2021/09/gang_black_hawk_1-300x300.jpg]
[localhost/AnhMinh/wp-content/uploads/2021/09/gang_black_hawk_2-300x300.35.delayed]
[localhost/AnhMinh/wp-content/uploads/2021/09/oakley_ngon_dai_1-300x300.jpg]
[localhost/AnhMinh/wp-content/uploads/2021/09/oakley_ngon_dai_2-300x300.jpg]
[localhost/AnhMinh/wp-content/uploads/2021/10/balo_taichi_rsb272_2-300x300.jpg]
[localhost/AnhMinh/wp-content/uploads/2021/10/balo_taichi_rsb272_1-300x300.jpg]
[localhost/AnhMinh/wp-content/uploads/2021/09/agu_1.jpg]
[localhost/AnhMinh/wp-content/uploads/2021/09/agu_2.jpg]
[localhost/AnhMinh/wp-content/uploads/2021/10/balo_northface_1-300x300.jpg]
[localhost/AnhMinh/wp-content/uploads/2021/10/balo_northface_2-300x300.jpg]
[localhost/AnhMinh/wp-content/uploads/2021/09/royal_m136_1-300x300.jpg]
[localhost/AnhMinh/wp-content/uploads/2021/09/royal_m136_2-300x300.jpg]
[localhost/AnhMinh/wp-content/uploads/2021/09/gtx_2017_4.jpg]
[localhost/AnhMinh/wp-content/uploads/2021/09/gtx_2017_1-300x300.jpg]
[localhost/AnhMinh/wp-content/uploads/2021/09/torc_t18_1-300x300.jpg]
[localhost/AnhMinh/wp-content/uploads/2021/09/Torc_t18_2.jpg]
[localhost/AnhMinh/wp-content/uploads/2021/09/ego_e8_1.jpg]
[localhost/AnhMinh/wp-content/uploads/2021/09/ego_e8_2.jpg]
[localhost/AnhMinh/wp-content/uploads/2021/09/ego_e7_1.jpg]
[localhost/AnhMinh/wp-content/uploads/2021/09/ego_e7_2.jpg]
[localhost/AnhMinh/wp-content/uploads/2021/09/3-4_royal_m20_1-300x300.jpg]
[localhost/AnhMinh/wp-content/uploads/2021/09/3-4_royal_m20_2-300x300.jpg]
[localhost/AnhMinh/wp-content/uploads/2021/09/3-4_bulldog_pom_1-300x300.jpg]
[localhost/AnhMinh/wp-content/uploads/2021/09/3-4_bulldog_pom_2-300x300.jpg]
[localhost/AnhMinh/wp-content/uploads/2021/09/3-4_bulldog_perro_4u_2-300x300.jpg]
[localhost/AnhMinh/wp-content/uploads/2021/09/3-4_bulldog_perro_4u_3-300x300.jpg]
[localhost/AnhMinh/wp-content/uploads/2021/09/3-4_asia_m115_1-300x300.jpg]
[localhost/AnhMinh/wp-content/uploads/2021/09/3-4_asia_m115_2-300x300.jpg]
[localhost/AnhMinh/wp-content/uploads/2021/09/3-4_yohe_878_3-300x300.jpg]
[localhost/AnhMinh/wp-content/uploads/2021/09/3-4_yohe_878_1-300x300.jpg]
[localhost/AnhMinh/wp-content/uploads/2021/09/3-4_ego_e3_1-300x300.jpg]
[localhost/AnhMinh/wp-content/uploads/2021/09/3-4_ego_e3_2-300x300.jpg]
[localhost/AnhMinh/wp-content/uploads/2021/09/sunda_135_1-300x300.jpg]
[localhost/AnhMinh/wp-content/uploads/2021/09/sunda_135_2-300x300.jpg]
[localhost/AnhMinh/wp-content/uploads/2021/09/bulldog_gang_1-300x300.jpg]
[localhost/AnhMinh/wp-content/uploads/2021/09/bulldog_gang_2-300x300.jpg]
[localhost/AnhMinh/wp-content/uploads/2021/09/andes_181_1-300x300.jpg]
[localhost/AnhMinh/wp-content/uploads/2021/09/andes_181_2-300x300.jpg]
[localhost/AnhMinh/wp-content/uploads/2021/09/probiker_cut_gu_inox_1-300x300.jpg]
[localhost/AnhMinh/wp-content/uploads/2021/09/probiker_cut_gu_inox_2-300x300.jpg]
[localhost/AnhMinh/wp-content/uploads/2021/09/oakley_ngon_cut_1.jpg]
[localhost/AnhMinh/wp-content/uploads/2021/09/oakley_ngon_cut_2-300x300.jpg]
[localhost/AnhMinh/wp-content/uploads/2021/09/black_hawk_dai_3-300x300.jpg]
[localhost/AnhMinh/wp-content/uploads/2021/09/black_hawk_dai_1-300x300.jpg]
[localhost/AnhMinh/wp-content/uploads/2021/09/balo_7d_1-300x300.jpg]
[localhost/AnhMinh/wp-content/uploads/2021/09/balo_7d_2-300x300.jpg]
[localhost/AnhMinh/wp-content/uploads/2021/09/balo_3p_1-300x300.jpg]
[localhost/AnhMinh/wp-content/uploads/2021/09/balo_3p_2-300x300.jpg]
[localhost/AnhMinh/wp-content/uploads/2021/09/black_hawk_dai_4-300x300.jpg]
[localhost/AnhMinh/wp-includes/js/dist/vendor/regenerator-runtime.minb36a.js]
[localhost/AnhMinh/wp-includes/js/dist/vendor/wp-polyfill.min2c7c.js]
[localhost/AnhMinh/wp-content/plugins/contact-form-7/includes/js/index7661.js]
[localhost/AnhMinh/wp-content/plugins/ot-flatsome-vertical-menu/assets/vendor/superfish/hoverIntent9632.js]
[localhost/AnhMinh/wp-content/plugins/ot-flatsome-vertical-menu/assets/vendor/superfish/superfish.min9632.js]
[localhost/AnhMinh/wp-content/plugins/ot-flatsome-vertical-menu/assets/js/ot-vertical-menu.min9632.js]
[localhost/AnhMinh/wp-content/plugins/woocommerce/assets/js/jquery-blockui/jquery.blockUI.mind308.js]
[localhost/AnhMinh/wp-content/plugins/woocommerce/assets/js/frontend/add-to-cart.mina78f.js]
[localhost/AnhMinh/wp-content/plugins/woocommerce/assets/js/js-cookie/js.cookie.min4395.js]
[localhost/AnhMinh/wp-content/plugins/woocommerce/assets/js/frontend/woocommerce.mina78f.js]
[localhost/AnhMinh/wp-content/plugins/woocommerce/assets/js/frontend/cart-fragments.mina78f.js]
[localhost/AnhMinh/wp-includes/js/hoverIntent.min73b9.js]
[localhost/AnhMinh/wp-content/themes/flatsome/assets/js/flatsome7b00.js]
[localhost/AnhMinh/wp-content/themes/flatsome/inc/integrations/wc-yith-wishlist/wishlist007f.js]
[localhost/AnhMinh/wp-content/themes/flatsome/inc/extensions/flatsome-live-search/flatsome-live-search9dd7.js]
[localhost/AnhMinh/wp-content/themes/flatsome/assets/js/woocommerceca05.js]
[localhost/AnhMinh/wp-includes/js/wp-embed.minf658.js]
[localhost/AnhMinh/wp-content/themes/flatsome/assets/libs/packery.pkgd.min9dd7.js]
[localhost/AnhMinh/wp-content/themes/flatsome/inc/shortcodes/ux_countdown/countdown-script-minf658.js]
[localhost/AnhMinh/wp-content/themes/flatsome/inc/shortcodes/ux_countdown/ux-countdownc169.js]
[localhost/AnhMinh/wp-content/plugins/yith-woocommerce-wishlist/assets/js/jquery.selectBox.min7359.js]
[localhost/AnhMinh/wp-content/plugins/woocommerce/assets/js/prettyPhoto/jquery.prettyPhoto.min005e.js]
[localhost/AnhMinh/wp-content/plugins/yith-woocommerce-wishlist/assets/js/jquery.yith-wcwl.minb12b.js]
[localhost/AnhMinh/wp-includes/js/underscore.min0028.js]
[localhost/AnhMinh/wp-includes/js/wp-util.minf658.js]
[localhost/AnhMinh/wp-content/plugins/woocommerce/assets/js/frontend/add-to-cart-variation.mina78f.js]
[localhost/AnhMinh/index.html]
[localhost/AnhMinh/xmlrpc.php]
[localhost/AnhMinh/wp-includes/fonts/dashicons7d4b.eot]
[localhost/AnhMinh/wp-includes/fonts/dashicons7d4b.ttf]
[localhost/AnhMinh/wp-includes/css/dashicons.minf658.css]
[localhost/AnhMinh/wp-content/plugins/ot-flatsome-vertical-menu/libs/menu-icons/css/extra.min9fd1.css]
[localhost/AnhMinh/wp-content/plugins/contact-form-7/includes/css/styles7661.css]
[localhost/AnhMinh/wp-content/plugins/menu-image/includes/css/menu-image459e.css]
[localhost/AnhMinh/wp-content/plugins/ot-flatsome-vertical-menu/assets/css/style9632.css]
[localhost/AnhMinh/wp-content/themes/flatsome/inc/integrations/wc-yith-wishlist/wishlist007f.css]
[localhost/AnhMinh/wp-content/themes/flatsome/assets/img/shadow@2x.png]
[localhost/AnhMinh/wp-content/themes/flatsome/assets/img/underline.png]
[localhost/AnhMinh/wp-content/themes/flatsome/assets/css/flatsome9dd7.css]
[localhost/AnhMinh/wp-content/themes/flatsome/assets/css/icons/fl-iconsae55.svg]
[localhost/AnhMinh/wp-content/themes/flatsome/assets/css/flatsome-shop9dd7.css]
[localhost/AnhMinh/wp-content/themes/flatsome-child/style6aec.css]
[localhost/AnhMinh/wp-json/wp/v2/pages/73.json]
[localhost/AnhMinh/wp-json/oembed/1.0/embedb470.json]
[localhost/AnhMinh/wp-json/oembed/1.0/embed4a97]
[localhost/AnhMinh/wp-content/uploads/2021/09/3-4_bulldog_perro_4u_6.jpg]
[localhost/AnhMinh/wp-content/uploads/2021/09/nua_dau_tem_3.jpg]
[localhost/AnhMinh/gioi-thieu/index.html]
[localhost/AnhMinh/wp-content/uploads/2021/09/cropped-Thiet-ke-khong-ten-150x150.jpg]
[localhost/AnhMinh/wp-json/wp/v2/pages/71.json]
[localhost/AnhMinh/wp-json/oembed/1.0/embed99c3.json]
[localhost/AnhMinh/wp-json/oembed/1.0/embedb03d]
[localhost/AnhMinh/wp-content/uploads/2021/10/map-pin-2-fill-2.png]
[localhost/AnhMinh/wp-content/uploads/2021/10/time-fill.png]
[localhost/AnhMinh/wp-content/uploads/2021/10/mail-open-fill.png]
[localhost/AnhMinh/wp-content/uploads/2021/10/phone-fill.png]
[localhost/AnhMinh/wp-content/plugins/forminator/assets/js/library/jquery.validate.min299b.js]
[localhost/AnhMinh/wp-content/plugins/forminator/assets/forminator-ui/js/forminator-form.min299b.js]
[localhost/AnhMinh/wp-content/plugins/forminator/build/front/front.multi.min299b.js]
[localhost/AnhMinh/wp-content/plugins/forminator/assets/js/library/intlTelInput.min299b.js]
[localhost/AnhMinh/lien-he/index.html]
[localhost/AnhMinh/wp-json/wp/v2/pages/14.json]
[localhost/AnhMinh/wp-json/oembed/1.0/embed9bef.json]
[localhost/AnhMinh/wp-json/oembed/1.0/embedbe93]
[localhost/AnhMinh/wp-content/plugins/woocommerce/assets/js/select2/select2.full.mindbac.js]
[localhost/AnhMinh/wp-content/plugins/woo-vietnam-checkout/assets/js/devvn_tinhthanh1c12.js]
[localhost/AnhMinh/wp-content/plugins/woocommerce/assets/js/selectWoo/selectWoo.full.mindedc.js]
[localhost/AnhMinh/tai-khoan/index.html]
[localhost/AnhMinh/wp-json/wp/v2/pages/12.json]
[localhost/AnhMinh/wp-json/oembed/1.0/embed6f5a.json]
[localhost/AnhMinh/wp-json/oembed/1.0/embed24b9]
[localhost/AnhMinh/wp-content/plugins/woocommerce/assets/js/frontend/country-select.mina78f.js]
[localhost/AnhMinh/wp-content/plugins/woocommerce/assets/js/frontend/address-i18n.mina78f.js]
[localhost/AnhMinh/gio-hang/index.html]
[localhost/AnhMinh/wp-content/plugins/woocommerce/assets/js/frontend/cart.mina78f.js]
[localhost/AnhMinh/wp-json/wp/v2/product_cat/16.json]
[localhost/AnhMinh/danh-muc-san-pham/mu-bao-hiem-fullface/index.html]
[localhost/AnhMinh/danh-muc-san-pham/mu-bao-hiem-fullface/feed/index.html]
[localhost/AnhMinh/wp-json/wp/v2/product_cat/17.json]
[localhost/AnhMinh/wp-content/uploads/2021/09/3-4_bulldog_perro_4u_2.jpg]
[localhost/AnhMinh/danh-muc-san-pham/mu-bao-hiem-3-4/index.html]
[localhost/AnhMinh/danh-muc-san-pham/mu-bao-hiem-3-4/feed/index.html]
[localhost/AnhMinh/wp-json/wp/v2/product_cat/18.json]
[localhost/AnhMinh/wp-content/uploads/2021/09/andes_181_2.jpg]
[localhost/AnhMinh/danh-muc-san-pham/mu-bao-hiem-1-2/index.html]
[localhost/AnhMinh/wp-json/wp/v2/product_cat/19.json]
[localhost/AnhMinh/wp-content/uploads/2021/09/black_hawk_dai_4.jpg]
[localhost/AnhMinh/danh-muc-san-pham/gang-tay/index.html]
[localhost/AnhMinh/danh-muc-san-pham/mu-bao-hiem-1-2/feed/index.html]
[localhost/AnhMinh/wp-json/wp/v2/product_cat/20.json]
[localhost/AnhMinh/wp-content/uploads/2021/09/balo_3d_1.jpg]
[localhost/AnhMinh/danh-muc-san-pham/balo-tui/index.html]
[localhost/AnhMinh/cua-hang/index.html]
[localhost/AnhMinh/danh-muc-san-pham/gang-tay/feed/index.html]
[localhost/AnhMinh/wp-content/uploads/2021/10/kinh-khoi-m136.jpg]
[localhost/AnhMinh/wp-content/uploads/2021/10/2a948c2331412f5e5de21ad300360893.jpg]
[localhost/AnhMinh/wp-content/uploads/2021/09/511_ngon_cut_1-100x100.jpg]
[localhost/AnhMinh/wp-content/uploads/2021/09/royal_m138b_1-100x100.jpg]
[localhost/AnhMinh/wp-content/uploads/2021/09/bulldog_gang_1-100x100.jpg]
[localhost/AnhMinh/tin-tuc/index.html]
[localhost/AnhMinh/danh-muc-san-pham/balo-tui/feed/index.html]
[localhost/AnhMinh/wp-json/wp/v2/pages/17.json]
[localhost/AnhMinh/wp-json/oembed/1.0/embed6651.json]
[localhost/AnhMinh/cua-hang/feed/index.html]
[localhost/AnhMinh/wp-json/oembed/1.0/embedde9a]
[localhost/AnhMinh/wishlist/index.html]
[localhost/AnhMinh/wp-json/wp/v2/pages/15.json]
[localhost/AnhMinh/wp-json/oembed/1.0/embed9b47.json]
[localhost/AnhMinh/wp-json/oembed/1.0/embed0507]
[localhost/AnhMinh/refund_returns/index.html]
[localhost/AnhMinh/wp-json/wp/v2/product/269.json]
[localhost/AnhMinh/wp-json/oembed/1.0/embed96a4.json]
[localhost/AnhMinh/wp-json/oembed/1.0/embed2fc6]
[localhost/AnhMinh/wp-content/uploads/2021/09/511_ngon_cut_1.jpg]
[localhost/AnhMinh/wp-content/uploads/2021/09/511_ngon_cut_1-600x600.jpg]
[localhost/AnhMinh/wp-content/uploads/2021/09/511_ngon_cut_2.jpg]
[localhost/AnhMinh/san-pham/gang-tay-511-ngon-cut/feed/index.html]
[localhost/AnhMinh/wp-content/uploads/2021/09/511_ngon_cut_2-600x600.jpg]
[localhost/AnhMinh/wp-content/uploads/2021/09/511_ngon_cut_3.jpg]
[localhost/AnhMinh/wp-content/uploads/2021/09/511_ngon_cut_4.jpg]
[localhost/AnhMinh/wp-content/uploads/2021/09/511_ngon_cut_4-600x600.jpg]
[localhost/AnhMinh/wp-content/uploads/2021/09/511_ngon_cut_3-300x300.jpg]
[localhost/AnhMinh/wp-content/uploads/2021/09/511_ngon_cut_4-300x300.jpg]
[localhost/AnhMinh/wp-content/uploads/2021/09/probiker_cut_gu_inox_1-100x100.jpg]
[localhost/AnhMinh/wp-content/uploads/2021/09/511_ngon_cut_3-300x256.jpg]
[localhost/AnhMinh/wp-content/plugins/woocommerce/assets/js/photoswipe/photoswipe.minb3cf.js]
[localhost/AnhMinh/wp-content/plugins/woocommerce/assets/js/photoswipe/photoswipe-ui-default.minb3cf.js]
[localhost/AnhMinh/wp-content/plugins/woocommerce/assets/js/frontend/single-product.mina78f.js]
[localhost/AnhMinh/wp-includes/js/comment-reply.minf658.js]
[localhost/AnhMinh/san-pham/gang-tay-511-ngon-cut/index.html]
[localhost/AnhMinh/indexcbac.html]
[localhost/AnhMinh/wp-json/wp/v2/product/213.json]
[localhost/AnhMinh/wp-json/oembed/1.0/embed2dea.json]
[localhost/AnhMinh/san-pham/mũ-bảo-hiẻm-grs-a737k/feed/index.html]
[localhost/AnhMinh/wp-json/oembed/1.0/embed8750]
[localhost/AnhMinh/wp-content/uploads/2021/09/grs_a737k_1.jpg]
[localhost/AnhMinh/wp-content/uploads/2021/09/grs_a737k_2.jpg]
[localhost/AnhMinh/wp-content/uploads/2021/09/grs_a737k_2-600x473.jpg]
[localhost/AnhMinh/wp-content/uploads/2021/09/grs_a737k_3.jpg]
[localhost/AnhMinh/wp-content/uploads/2021/09/grs_a737k_4.jpg]
[localhost/AnhMinh/wp-content/uploads/2021/09/grs_a737k_4-600x600.jpg]
[localhost/AnhMinh/wp-content/uploads/2021/09/grs_a737k_3-300x300.jpg]
[localhost/AnhMinh/wp-content/uploads/2021/09/grs_a737k_4-300x300.jpg]
[localhost/AnhMinh/wp-content/uploads/2021/09/nua_dau_tem_1-100x100.jpg]
[localhost/AnhMinh/wp-content/uploads/2021/09/sunda_135_1-100x100.jpg]
[localhost/AnhMinh/wp-content/uploads/2021/09/grs_a737k_2-300x236.jpg]
[localhost/AnhMinh/san-pham/mũ-bảo-hiẻm-grs-a737k/index.html]
[localhost/AnhMinh/index177c.html]
[localhost/AnhMinh/wp-json/wp/v2/product/109.json]
[localhost/AnhMinh/wp-json/oembed/1.0/embed2575.json]
[localhost/AnhMinh/wp-json/oembed/1.0/embed32e5]
[localhost/AnhMinh/wp-content/uploads/2021/09/royal_m138b_1.jpg]
[localhost/AnhMinh/wp-content/uploads/2021/09/royal_m138b_1-600x600.jpg]
[localhost/AnhMinh/wp-content/uploads/2021/09/royal_m138b_2.jpg]
[localhost/AnhMinh/wp-content/uploads/2021/09/royal_m138b_3.jpg]
[localhost/AnhMinh/san-pham/mu-bao-hiem-royal-m138b/feed/index.html]
[localhost/AnhMinh/wp-content/uploads/2021/09/royal_m138b_3-600x450.jpg]
[localhost/AnhMinh/wp-content/uploads/2021/09/royal_m138b_4.jpg]
[localhost/AnhMinh/wp-content/uploads/2021/09/royal_m138b_4-600x600.jpg]
[localhost/AnhMinh/wp-content/uploads/2021/09/royal_m138b_3-300x300.jpg]
[localhost/AnhMinh/wp-content/uploads/2021/09/royal_m138b_4-300x300.jpg]
[localhost/AnhMinh/wp-content/uploads/2021/09/yohe_977_1-100x100.jpg]
[localhost/AnhMinh/wp-content/uploads/2021/09/royal_m136_1-100x100.jpg]
[localhost/AnhMinh/san-pham/mu-bao-hiem-royal-m138b/index.html]
[localhost/AnhMinh/indexea66.html]
[localhost/AnhMinh/wp-content/uploads/2021/09/royal_m138b_3-300x225.jpg]
[localhost/AnhMinh/wp-json/wp/v2/product/157.json]
[localhost/AnhMinh/wp-json/oembed/1.0/embed951e.json]
[localhost/AnhMinh/wp-json/oembed/1.0/embed4c89]
[localhost/AnhMinh/wp-content/uploads/2021/09/3-4_bulldog_heli_carbon_1.jpg]
[localhost/AnhMinh/wp-content/uploads/2021/09/3-4_bulldog_heli_carbon_1-600x600.jpg]
[localhost/AnhMinh/wp-content/uploads/2021/09/3-4_bulldog_heli_carbon_2.jpg]
[localhost/AnhMinh/san-pham/mu-bao-hiem-bulldog-heli-carbon/feed/index.html]
[localhost/AnhMinh/wp-content/uploads/2021/09/3-4_bulldog_heli_carbon_2-600x600.jpg]
[localhost/AnhMinh/wp-content/uploads/2021/09/3-4_bulldog_heli_carbon_3.jpg]
[localhost/AnhMinh/wp-content/uploads/2021/09/3-4_bulldog_heli_carbon_3-600x600.jpg]
[localhost/AnhMinh/wp-content/uploads/2021/09/3-4_bulldog_heli_carbon_3-300x300.jpg]
[localhost/AnhMinh/wp-content/uploads/2021/09/3-4_bulldog_pom_1-100x100.jpg]
[localhost/AnhMinh/wp-content/uploads/2021/09/3-4_napoli_n099_1-100x100.jpg]
[localhost/AnhMinh/san-pham/mu-bao-hiem-bulldog-heli-carbon/index.html]
[localhost/AnhMinh/index62c1.html]
[localhost/AnhMinh/wp-json/wp/v2/product/315.json]
[localhost/AnhMinh/wp-json/oembed/1.0/embede1fc.json]
[localhost/AnhMinh/wp-json/oembed/1.0/embed166e]
[localhost/AnhMinh/wp-content/uploads/2021/09/balo_3d_3.jpg]
[localhost/AnhMinh/wp-content/uploads/2021/09/balo_3d_2.jpg]
[localhost/AnhMinh/san-pham/balo-chien-thuat-3d/feed/index.html]
[localhost/AnhMinh/wp-content/uploads/2021/09/balo_3d_4.jpg]
[localhost/AnhMinh/wp-content/uploads/2021/09/balo_3d_4-600x524.jpg]
[localhost/AnhMinh/wp-content/uploads/2021/09/balo_3d_2-300x300.jpg]
[localhost/AnhMinh/wp-content/uploads/2021/09/balo_3d_4-300x300.jpg]
[localhost/AnhMinh/wp-content/uploads/2021/09/balo_3p_1-100x100.jpg]
[localhost/AnhMinh/wp-content/uploads/2021/09/balo_3d_4-300x262.jpg]
[localhost/AnhMinh/san-pham/balo-chien-thuat-3d/index.html]
[localhost/AnhMinh/indexef9b.html]
[localhost/AnhMinh/wp-json/wp/v2/product/402.json]
[localhost/AnhMinh/wp-json/oembed/1.0/embed18a4.json]
[localhost/AnhMinh/wp-json/oembed/1.0/embed04e1]
[localhost/AnhMinh/wp-content/uploads/2021/10/balo_pubg_1.jpg]
[localhost/AnhMinh/san-pham/balo-pupg/feed/index.html]
[localhost/AnhMinh/wp-content/uploads/2021/10/balo_pubg_1-600x603.jpg]
[localhost/AnhMinh/wp-content/uploads/2021/10/balo_pubg_2.jpg]
[localhost/AnhMinh/wp-content/uploads/2021/10/balo_pubg_2-600x600.jpg]
[localhost/AnhMinh/wp-content/uploads/2021/10/balo_pubg_4.jpg]
[localhost/AnhMinh/wp-content/uploads/2021/10/balo_pubg_4-600x550.jpg]
[localhost/AnhMinh/wp-content/uploads/2021/10/balo_pubg_3.jpg]
[localhost/AnhMinh/wp-content/uploads/2021/10/balo_pubg_4-300x300.jpg]
[localhost/AnhMinh/wp-content/uploads/2021/10/balo_pubg_3-300x300.jpg]
[localhost/AnhMinh/wp-content/uploads/2021/10/balo_northface_1-100x100.jpg]
[localhost/AnhMinh/san-pham/balo-pupg/index.html]
[localhost/AnhMinh/index19c7.html]
[localhost/AnhMinh/wp-json/wp/v2/product/199.json]
[localhost/AnhMinh/san-pham/mu-bao-hiem-bulldog-pug-nua-dau/feed/index.html]
[localhost/AnhMinh/wp-json/oembed/1.0/embed80ff.json]
[localhost/AnhMinh/wp-json/oembed/1.0/embed8acd]
[localhost/AnhMinh/wp-content/uploads/2021/09/bulldog_pug_1.jpg]
[localhost/AnhMinh/wp-content/uploads/2021/09/bulldog_pug_1-600x600.jpg]
[localhost/AnhMinh/wp-content/uploads/2021/09/bulldog_pug_4.jpg]
[localhost/AnhMinh/wp-content/uploads/2021/09/bulldog_pug_4-600x600.jpg]
[localhost/AnhMinh/wp-content/uploads/2021/09/bulldog_pug_5.jpg]
[localhost/AnhMinh/wp-content/uploads/2021/09/bulldog_pug_5-600x600.jpg]
[localhost/AnhMinh/wp-content/uploads/2021/09/bulldog_pug_2.jpg]
[localhost/AnhMinh/wp-content/uploads/2021/09/bulldog_pug_3.jpg]
[localhost/AnhMinh/wp-content/uploads/2021/09/bulldog_pug_5-300x300.jpg]
[localhost/AnhMinh/san-pham/mu-bao-hiem-bulldog-pug-nua-dau/index.html]
[localhost/AnhMinh/index80aa.html]
[localhost/AnhMinh/wp-json/wp/v2/product/148.json]
[localhost/AnhMinh/wp-json/oembed/1.0/embed54bd.json]
[localhost/AnhMinh/wp-json/oembed/1.0/embed8d3f]
[localhost/AnhMinh/wp-content/uploads/2021/09/3-4_napoli_n099_1.jpg]
[localhost/AnhMinh/wp-content/uploads/2021/09/3-4_napoli_n099_1-600x600.jpg]
[localhost/AnhMinh/wp-content/uploads/2021/09/3-4_napoli_n099_2.jpg]
[localhost/AnhMinh/wp-content/uploads/2021/09/3-4_napoli_n099_2-600x600.jpg]
[localhost/AnhMinh/san-pham/mu-bao-hiem-napoli-n099/feed/index.html]
[localhost/AnhMinh/wp-content/uploads/2021/09/3-4_napoli_n099_3.jpg]
[localhost/AnhMinh/wp-content/uploads/2021/09/3-4_napoli_n099_3-600x600.jpg]
[localhost/AnhMinh/wp-content/uploads/2021/09/3-4_napoli_n099_4.jpg]
[localhost/AnhMinh/wp-content/uploads/2021/09/3-4_napoli_n099_4-600x450.jpg]
[localhost/AnhMinh/wp-content/uploads/2021/09/3-4_napoli_n099_3-300x300.jpg]
[localhost/AnhMinh/wp-content/uploads/2021/09/3-4_napoli_n099_4-300x300.jpg]
[localhost/AnhMinh/wp-content/uploads/2021/09/3-4_bulldog_heli_carbon_1-100x100.jpg]
[localhost/AnhMinh/wp-content/uploads/2021/09/3-4_royal_m20_1-100x100.jpg]
[localhost/AnhMinh/wp-content/uploads/2021/09/3-4_napoli_n099_4-300x225.jpg]
[localhost/AnhMinh/san-pham/mu-bao-hiem-napoli-n099/index.html]
[localhost/AnhMinh/index46a6.html]
[localhost/AnhMinh/wp-json/wp/v2/product/218.json]
[localhost/AnhMinh/san-pham/mu-bao-hiem-1-2-tem-hinh/feed/index.html]
[localhost/AnhMinh/wp-json/oembed/1.0/embedc44e.json]
[localhost/AnhMinh/wp-json/oembed/1.0/embedb7fb]
[localhost/AnhMinh/wp-content/uploads/2021/09/nua_dau_tem_2.jpg]
[localhost/AnhMinh/wp-content/uploads/2021/09/nua_dau_tem_2-600x800.jpg]
[localhost/AnhMinh/wp-content/uploads/2021/09/nua_dau_tem_3-600x800.jpg]
[localhost/AnhMinh/wp-content/uploads/2021/09/nua_dau_tem_4.jpg]
[localhost/AnhMinh/wp-content/uploads/2021/09/nua_dau_tem_4-600x800.jpg]
[localhost/AnhMinh/wp-content/uploads/2021/09/nua_dau_tem_5.jpg]
[localhost/AnhMinh/wp-content/uploads/2021/09/nua_dau_tem_5-600x800.jpg]
[localhost/AnhMinh/wp-content/uploads/2021/09/nua_dau_tem_3-300x300.jpg]
[localhost/AnhMinh/wp-content/uploads/2021/09/nua_dau_tem_4-300x300.jpg]
[localhost/AnhMinh/wp-content/uploads/2021/09/nua_dau_tem_5-300x300.jpg]
[localhost/AnhMinh/wp-content/uploads/2021/09/grs_a737k_1-100x100.jpg]
[localhost/AnhMinh/wp-content/uploads/2021/09/nua_dau_tem_2-225x300.jpg]
[localhost/AnhMinh/wp-content/uploads/2021/09/nua_dau_tem_3-225x300.jpg]
[localhost/AnhMinh/wp-content/uploads/2021/09/nua_dau_tem_4-225x300.jpg]
[localhost/AnhMinh/wp-content/uploads/2021/09/nua_dau_tem_5-225x300.jpg]
[localhost/AnhMinh/san-pham/mu-bao-hiem-1-2-tem-hinh/index.html]
[localhost/AnhMinh/indexb1a3.html]
[localhost/AnhMinh/wp-json/wp/v2/product/114.json]
[localhost/AnhMinh/san-pham/mu-bao-hiem-yohe-977-fullface/feed/index.html]
[localhost/AnhMinh/wp-json/oembed/1.0/embed6af9.json]
[localhost/AnhMinh/wp-json/oembed/1.0/embed195a]
[localhost/AnhMinh/wp-content/uploads/2021/09/yohe_977_1.jpg]
[localhost/AnhMinh/wp-content/uploads/2021/09/yohe_977_1-600x600.jpg]
[localhost/AnhMinh/wp-content/uploads/2021/09/yohe_977_2.jpg]
[localhost/AnhMinh/wp-content/uploads/2021/09/yohe_977_2-600x600.jpg]
[localhost/AnhMinh/wp-content/uploads/2021/09/yohe_977_3.jpg]
[localhost/AnhMinh/wp-content/uploads/2021/09/yohe_977_3-600x600.jpg]
[localhost/AnhMinh/wp-content/uploads/2021/09/yohe_977_3-300x300.jpg]
[localhost/AnhMinh/san-pham/mu-bao-hiem-yohe-977-fullface/index.html]
[localhost/AnhMinh/index8cf4.html]
[localhost/AnhMinh/wp-json/wp/v2/product/224.json]
[localhost/AnhMinh/wp-json/oembed/1.0/embede5a5.json]
[localhost/AnhMinh/wp-json/oembed/1.0/embede826]
[localhost/AnhMinh/wp-content/uploads/2021/09/gang_black_hawk_1.jpg]
[localhost/AnhMinh/san-pham/gang-black-hawk-ngon-cut/feed/index.html]
[localhost/AnhMinh/wp-content/uploads/2021/09/gang_black_hawk_1-600x600.jpg]
[localhost/AnhMinh/wp-content/uploads/2021/09/gang_black_hawk_2.jpg]
[localhost/AnhMinh/wp-content/uploads/2021/09/gang_black_hawk_3.jpg]
[localhost/AnhMinh/wp-content/uploads/2021/09/gang_black_hawk_4.jpg]
[localhost/AnhMinh/wp-content/uploads/2021/09/gang_black_hawk_4-600x600.jpg]
[localhost/AnhMinh/wp-content/uploads/2021/09/gang_black_hawk_5.jpg]
[localhost/AnhMinh/wp-content/uploads/2021/09/gang_black_hawk_5-600x600.jpg]
[localhost/AnhMinh/wp-content/uploads/2021/09/gang_black_hawk_3-300x300.jpg]
[localhost/AnhMinh/wp-content/uploads/2021/09/gang_black_hawk_4-300x300.jpg]
[localhost/AnhMinh/wp-content/uploads/2021/09/gang_black_hawk_5-300x300.jpg]
[localhost/AnhMinh/wp-content/uploads/2021/09/black_hawk_dai_3-100x100.jpg]
[localhost/AnhMinh/wp-content/uploads/2021/09/gang_black_hawk_2-300x226.jpg]
[localhost/AnhMinh/wp-content/uploads/2021/09/gang_black_hawk_3-300x208.jpg]
[localhost/AnhMinh/san-pham/gang-black-hawk-ngon-cut/index.html]
[localhost/AnhMinh/index65dc.html]
[localhost/AnhMinh/wp-json/wp/v2/product/252.json]
[localhost/AnhMinh/san-pham/gang-oakley-ngon-dai/feed/index.html]
[localhost/AnhMinh/wp-json/oembed/1.0/embed3937.json]
[localhost/AnhMinh/wp-json/oembed/1.0/embed177a]
[localhost/AnhMinh/wp-content/uploads/2021/09/oakley_ngon_dai_1.jpg]
[localhost/AnhMinh/wp-content/uploads/2021/09/oakley_ngon_dai_1-600x600.jpg]
[localhost/AnhMinh/wp-content/uploads/2021/09/oakley_ngon_dai_2.jpg]
[localhost/AnhMinh/wp-content/uploads/2021/09/oakley_ngon_dai_3.jpg]
[localhost/AnhMinh/wp-content/uploads/2021/09/oakley_ngon_dai_4.jpg]
[localhost/AnhMinh/wp-content/uploads/2021/09/oakley_ngon_dai_4-600x602.jpg]
[localhost/AnhMinh/wp-content/uploads/2021/09/oakley_ngon_dai_3-300x300.jpg]
[localhost/AnhMinh/wp-content/uploads/2021/09/oakley_ngon_dai_4-300x300.jpg]
[localhost/AnhMinh/wp-content/uploads/2021/09/oakley_ngon_cut_1-100x100.jpg]
[localhost/AnhMinh/wp-content/uploads/2021/09/oakley_ngon_dai_3-300x270.jpg]
[localhost/AnhMinh/san-pham/gang-oakley-ngon-dai/index.html]
[localhost/AnhMinh/index8e5f.html]
[localhost/AnhMinh/wp-json/wp/v2/product/392.json]
[localhost/AnhMinh/san-pham/balo-taichi-rsb-272-chong-nuoc-tuyet-doi-co-led/feed/index.html]
[localhost/AnhMinh/wp-json/oembed/1.0/embed32b3.json]
[localhost/AnhMinh/wp-json/oembed/1.0/embed47d3]
[localhost/AnhMinh/wp-content/uploads/2021/10/balo_taichi_rsb272_2.jpg]
[localhost/AnhMinh/wp-content/uploads/2021/10/balo_taichi_rsb272_2-600x600.jpg]
[localhost/AnhMinh/wp-content/uploads/2021/10/balo_taichi_rsb272_1.jpg]
[localhost/AnhMinh/wp-content/uploads/2021/10/balo_taichi_rsb272_3.jpg]
[localhost/AnhMinh/wp-content/uploads/2021/10/balo_taichi_rsb272_4.jpg]
[localhost/AnhMinh/wp-content/uploads/2021/10/balo_taichi_rsb272_4-600x600.jpg]
[localhost/AnhMinh/wp-content/uploads/2021/10/balo_taichi_rsb272_3-300x300.jpg]
[localhost/AnhMinh/wp-content/uploads/2021/10/balo_taichi_rsb272_4-300x300.jpg]
[localhost/AnhMinh/wp-content/uploads/2021/09/balo_7d_1-100x100.jpg]
[localhost/AnhMinh/san-pham/balo-taichi-rsb-272-chong-nuoc-tuyet-doi-co-led/index.html]
[localhost/AnhMinh/index2ee2.html]
[localhost/AnhMinh/wp-json/wp/v2/product/19.json]
[localhost/AnhMinh/wp-json/oembed/1.0/embedc753.json]
[localhost/AnhMinh/wp-json/oembed/1.0/embed66f0]
[localhost/AnhMinh/wp-content/uploads/2021/09/agu_3.jpg]
[localhost/AnhMinh/san-pham/mu-bao-hiem-agu-fullface/feed/index.html]
[localhost/AnhMinh/wp-content/uploads/2021/09/agu_4.jpg]
[localhost/AnhMinh/wp-content/uploads/2021/09/agu_5.jpg]
[localhost/AnhMinh/wp-content/uploads/2021/09/agu_6.jpg]
[localhost/AnhMinh/wp-content/uploads/2021/09/agu_7.jpg]
[localhost/AnhMinh/wp-content/uploads/2021/09/agu_8.jpg]
[localhost/AnhMinh/san-pham/mu-bao-hiem-agu-fullface/index.html]
[localhost/AnhMinh/indexfa65.html]
[localhost/AnhMinh/wp-json/wp/v2/product/397.json]
[localhost/AnhMinh/san-pham/balo-the-north-face-chong-nuoc/feed/index.html]
[localhost/AnhMinh/wp-json/oembed/1.0/embed5926.json]
[localhost/AnhMinh/wp-json/oembed/1.0/embed4f51]
[localhost/AnhMinh/wp-content/uploads/2021/10/balo_northface_1.jpg]
[localhost/AnhMinh/wp-content/uploads/2021/10/balo_northface_1-600x600.jpg]
[localhost/AnhMinh/wp-content/uploads/2021/10/balo_northface_2.jpg]
[localhost/AnhMinh/wp-content/uploads/2021/10/balo_northface_2-600x600.jpg]
[localhost/AnhMinh/wp-content/uploads/2021/10/balo_northface_3.jpg]
[localhost/AnhMinh/wp-content/uploads/2021/10/balo_northface_4.jpg]
[localhost/AnhMinh/wp-content/uploads/2021/10/balo_northface_4-600x462.jpg]
[localhost/AnhMinh/wp-content/uploads/2021/10/balo_northface_3-300x300.jpg]
[localhost/AnhMinh/wp-content/uploads/2021/10/balo_northface_4-300x300.jpg]
[localhost/AnhMinh/wp-content/uploads/2021/10/balo_pubg_1-100x100.jpg]
[localhost/AnhMinh/wp-content/uploads/2021/10/balo_taichi_rsb272_2-100x100.jpg]
[localhost/AnhMinh/wp-content/uploads/2021/10/balo_northface_4-300x231.jpg]
[localhost/AnhMinh/san-pham/balo-the-north-face-chong-nuoc/index.html]
[localhost/AnhMinh/index12d7.html]
[localhost/AnhMinh/wp-json/wp/v2/product/104.json]
[localhost/AnhMinh/san-pham/mu-bao-hiem-royal-m136/feed/index.html]
[localhost/AnhMinh/wp-json/oembed/1.0/embedcf94.json]
[localhost/AnhMinh/wp-json/oembed/1.0/embed51fb]
[localhost/AnhMinh/wp-content/uploads/2021/09/royal_m136_1.jpg]
[localhost/AnhMinh/wp-content/uploads/2021/09/royal_m136_1-600x600.jpg]
[localhost/AnhMinh/wp-content/uploads/2021/09/royal_m136_2.jpg]
[localhost/AnhMinh/wp-content/uploads/2021/09/royal_m136_2-600x600.jpg]
[localhost/AnhMinh/wp-content/uploads/2021/09/royal_m136_3.jpg]
[localhost/AnhMinh/wp-content/uploads/2021/09/royal_m136_3-600x600.jpg]
[localhost/AnhMinh/wp-content/uploads/2021/09/royal_m136_3-300x300.jpg]
[localhost/AnhMinh/wp-content/uploads/2021/09/gtx_2017_4-100x100.jpg]
[localhost/AnhMinh/san-pham/mu-bao-hiem-royal-m136/index.html]
[localhost/AnhMinh/index9b89.html]
[localhost/AnhMinh/wp-json/wp/v2/product/97.json]
[localhost/AnhMinh/san-pham/mu-bao-hiem-gxt-2017/feed/index.html]
[localhost/AnhMinh/wp-json/oembed/1.0/embed4fb0.json]
[localhost/AnhMinh/wp-json/oembed/1.0/embedf99c]
[localhost/AnhMinh/wp-content/uploads/2021/09/gtx_2017_1.jpg]
[localhost/AnhMinh/wp-content/uploads/2021/09/gtx_2017_1-600x510.jpg]
[localhost/AnhMinh/wp-content/uploads/2021/09/gtx_2017_3.jpg]
[localhost/AnhMinh/wp-content/uploads/2021/09/gtx_2017_2.jpg]
[localhost/AnhMinh/wp-content/uploads/2021/09/gtx_2017_2-600x507.jpg]
[localhost/AnhMinh/wp-content/uploads/2021/09/gtx_2017_2-300x300.jpg]
[localhost/AnhMinh/wp-content/uploads/2021/09/torc_t18_1-100x100.jpg]
[localhost/AnhMinh/wp-content/uploads/2021/09/gtx_2017_1-300x255.jpg]
[localhost/AnhMinh/wp-content/uploads/2021/09/gtx_2017_2-300x253.jpg]
[localhost/AnhMinh/san-pham/mu-bao-hiem-gxt-2017/index.html]
[localhost/AnhMinh/index7bd2.html]
[localhost/AnhMinh/wp-json/wp/v2/product/58.json]
[localhost/AnhMinh/san-pham/mu-bao-hiem-fullface-torc-t18-2-kinh-usa/feed/index.html]
[localhost/AnhMinh/wp-json/oembed/1.0/embeda04e.json]
[localhost/AnhMinh/wp-json/oembed/1.0/embed9fed]
[localhost/AnhMinh/wp-content/uploads/2021/09/torc_t18_1.jpg]
[localhost/AnhMinh/wp-content/uploads/2021/09/torc_t18_3.jpg]
[localhost/AnhMinh/san-pham/mu-bao-hiem-fullface-torc-t18-2-kinh-usa/index.html]
[localhost/AnhMinh/indexbb10.html]
[localhost/AnhMinh/wp-json/wp/v2/product/42.json]
[localhost/AnhMinh/wp-json/oembed/1.0/embedd8d5.json]
[localhost/AnhMinh/san-pham/mu-bao-hiem-ego-e8-fullface/feed/index.html]
[localhost/AnhMinh/wp-json/oembed/1.0/embed7e13]
[localhost/AnhMinh/wp-content/uploads/2021/09/ego_e8_3.jpg]
[localhost/AnhMinh/wp-content/uploads/2021/09/ego_e8_5.jpg]
[localhost/AnhMinh/wp-content/uploads/2021/09/ego_e8_6.jpg]
[localhost/AnhMinh/wp-content/uploads/2021/09/ego_e8_7.jpg]
[localhost/AnhMinh/san-pham/mu-bao-hiem-ego-e8-fullface/index.html]
[localhost/AnhMinh/index6ddc.html]
[localhost/AnhMinh/wp-json/wp/v2/product/28.json]
[localhost/AnhMinh/san-pham/mu-bao-hiem-ego-e7/feed/index.html]
[localhost/AnhMinh/wp-json/oembed/1.0/embed4427.json]
[localhost/AnhMinh/wp-json/oembed/1.0/embed1606]
[localhost/AnhMinh/wp-content/uploads/2021/09/ego_e7_3.jpg]
[localhost/AnhMinh/wp-content/uploads/2021/09/ego_e7_4.jpg]
[localhost/AnhMinh/wp-content/uploads/2021/09/ego_e7_5.jpg]
[localhost/AnhMinh/wp-content/uploads/2021/09/ego_e7_6.jpg]
[localhost/AnhMinh/wp-content/uploads/2021/09/ego_e7_7.jpg]
[localhost/AnhMinh/san-pham/mu-bao-hiem-ego-e7/index.html]
[localhost/AnhMinh/indexc931.html]
[localhost/AnhMinh/wp-json/wp/v2/product/144.json]
[localhost/AnhMinh/san-pham/mu-bao-hiem-royal-m20/feed/index.html]
[localhost/AnhMinh/wp-json/oembed/1.0/embed6392.json]
[localhost/AnhMinh/wp-json/oembed/1.0/embed326c]
[localhost/AnhMinh/wp-content/uploads/2021/09/3-4_royal_m20_1.jpg]
[localhost/AnhMinh/wp-content/uploads/2021/09/3-4_royal_m20_1-600x600.jpg]
[localhost/AnhMinh/wp-content/uploads/2021/09/3-4_royal_m20_2.jpg]
[localhost/AnhMinh/wp-content/uploads/2021/09/3-4_royal_m20_2-600x600.jpg]
[localhost/AnhMinh/wp-content/uploads/2021/09/3-4_royal_m20_3.jpg]
[localhost/AnhMinh/wp-content/uploads/2021/09/3-4_royal_m20_3-600x600.jpg]
[localhost/AnhMinh/wp-content/uploads/2021/09/3-4_royal_m20_3-300x300.jpg]
[localhost/AnhMinh/wp-content/uploads/2021/09/3-4_asia_m115_1-100x100.jpg]
[localhost/AnhMinh/san-pham/mu-bao-hiem-royal-m20/index.html]
[localhost/AnhMinh/index1f29.html]
[localhost/AnhMinh/wp-json/wp/v2/product/163.json]
[localhost/AnhMinh/san-pham/mu-bao-hiem-bulldog-pom/feed/index.html]
[localhost/AnhMinh/wp-json/oembed/1.0/embed5794.json]
[localhost/AnhMinh/wp-json/oembed/1.0/embedee6a]
[localhost/AnhMinh/wp-content/uploads/2021/09/3-4_bulldog_pom_1.jpg]
[localhost/AnhMinh/wp-content/uploads/2021/09/3-4_bulldog_pom_1-600x600.jpg]
[localhost/AnhMinh/wp-content/uploads/2021/09/3-4_bulldog_pom_2.jpg]
[localhost/AnhMinh/wp-content/uploads/2021/09/3-4_bulldog_pom_2-600x600.jpg]
[localhost/AnhMinh/wp-content/uploads/2021/09/3-4_bulldog_pom_3.jpg]
[localhost/AnhMinh/wp-content/uploads/2021/09/3-4_bulldog_pom_3-600x600.jpg]
[localhost/AnhMinh/wp-content/uploads/2021/09/3-4_bulldog_pom_4.jpg]
[localhost/AnhMinh/wp-content/uploads/2021/09/3-4_bulldog_pom_4-600x600.jpg]
[localhost/AnhMinh/wp-content/uploads/2021/09/3-4_bulldog_pom_5.jpg]
[localhost/AnhMinh/wp-content/uploads/2021/09/3-4_bulldog_pom_5-600x600.jpg]
[localhost/AnhMinh/wp-content/uploads/2021/09/3-4_bulldog_pom_6.jpg]
[localhost/AnhMinh/wp-content/uploads/2021/09/3-4_bulldog_pom_6-600x600.jpg]
[localhost/AnhMinh/wp-content/uploads/2021/09/3-4_bulldog_pom_3-300x300.jpg]
[localhost/AnhMinh/wp-content/uploads/2021/09/3-4_bulldog_pom_4-300x300.jpg]
[localhost/AnhMinh/wp-content/uploads/2021/09/3-4_bulldog_pom_5-300x300.jpg]
[localhost/AnhMinh/wp-content/uploads/2021/09/3-4_bulldog_pom_6-300x300.jpg]
[localhost/AnhMinh/wp-content/uploads/2021/09/3-4_bulldog_perro_4u_2-100x100.jpg]
[localhost/AnhMinh/san-pham/mu-bao-hiem-bulldog-pom/index.html]
[localhost/AnhMinh/indexb9e4.html]
[localhost/AnhMinh/wp-json/wp/v2/product/176.json]
[localhost/AnhMinh/san-pham/mu-bao-hiem-bulldog-perro-4u/feed/index.html]
[localhost/AnhMinh/wp-json/oembed/1.0/embed14af.json]
[localhost/AnhMinh/wp-json/oembed/1.0/embed1684]
[localhost/AnhMinh/wp-content/uploads/2021/09/3-4_bulldog_perro_4u_2-600x600.jpg]
[localhost/AnhMinh/wp-content/uploads/2021/09/3-4_bulldog_perro_4u_3.jpg]
[localhost/AnhMinh/wp-content/uploads/2021/09/3-4_bulldog_perro_4u_3-600x600.jpg]
[localhost/AnhMinh/wp-content/uploads/2021/09/3-4_bulldog_perro_4u_4.jpg]
[localhost/AnhMinh/wp-content/uploads/2021/09/3-4_bulldog_perro_4u_4-600x600.jpg]
[localhost/AnhMinh/wp-content/uploads/2021/09/3-4_bulldog_perro_4u_5.jpg]
[localhost/AnhMinh/wp-content/uploads/2021/09/3-4_bulldog_perro_4u_5-600x600.jpg]
[localhost/AnhMinh/wp-content/uploads/2021/09/3-4_bulldog_perro_4u_6-600x600.jpg]
[localhost/AnhMinh/wp-content/uploads/2021/09/3-4_bulldog_perro_4u_4-300x300.jpg]
[localhost/AnhMinh/wp-content/uploads/2021/09/3-4_bulldog_perro_4u_5-300x300.jpg]
[localhost/AnhMinh/wp-content/uploads/2021/09/3-4_bulldog_perro_4u_1.jpg]
[localhost/AnhMinh/san-pham/mu-bao-hiem-bulldog-perro-4u/index.html]
[localhost/AnhMinh/index8446.html]
[localhost/AnhMinh/san-pham/mu-bao-hiem-asia-m115/feed/index.html]
[localhost/AnhMinh/wp-json/wp/v2/product/140.json]
[localhost/AnhMinh/wp-json/oembed/1.0/embedf8f7.json]
[localhost/AnhMinh/wp-json/oembed/1.0/embedd33b]
[localhost/AnhMinh/wp-content/uploads/2021/09/3-4_asia_m115_1.jpg]
[localhost/AnhMinh/wp-content/uploads/2021/09/3-4_asia_m115_1-600x600.jpg]
[localhost/AnhMinh/wp-content/uploads/2021/09/3-4_asia_m115_2.jpg]
[localhost/AnhMinh/wp-content/uploads/2021/09/3-4_asia_m115_3.jpg]
[localhost/AnhMinh/wp-content/uploads/2021/09/3-4_asia_m115_3-300x300.jpg]
[localhost/AnhMinh/wp-content/uploads/2021/09/3-4_yohe_878_3-100x100.jpg]
[localhost/AnhMinh/san-pham/mu-bao-hiem-asia-m115/index.html]
[localhost/AnhMinh/index0e6a.html]
[localhost/AnhMinh/wp-json/wp/v2/product/130.json]
[localhost/AnhMinh/san-pham/mu-bao-hiem-3-4-yohe-878/feed/index.html]
[localhost/AnhMinh/wp-json/oembed/1.0/embed18b7.json]
[localhost/AnhMinh/wp-json/oembed/1.0/embed984c]
[localhost/AnhMinh/wp-content/uploads/2021/09/3-4_yohe_878_3.jpg]
[localhost/AnhMinh/wp-content/uploads/2021/09/3-4_yohe_878_3-600x600.jpg]
[localhost/AnhMinh/wp-content/uploads/2021/09/3-4_yohe_878_1.jpg]
[localhost/AnhMinh/wp-content/uploads/2021/09/3-4_yohe_878_1-600x600.jpg]
[localhost/AnhMinh/wp-content/uploads/2021/09/3-4_yohe_878_2.jpg]
[localhost/AnhMinh/wp-content/uploads/2021/09/3-4_yohe_878_4.jpg]
[localhost/AnhMinh/wp-content/uploads/2021/09/3-4_yohe_878_2-300x300.jpg]
[localhost/AnhMinh/wp-content/uploads/2021/09/3-4_yohe_878_4-300x300.jpg]
[localhost/AnhMinh/wp-content/uploads/2021/09/3-4_ego_e3_1-100x100.jpg]
[localhost/AnhMinh/wp-content/uploads/2021/09/3-4_yohe_878_2-298x300.jpg]
[localhost/AnhMinh/san-pham/mu-bao-hiem-3-4-yohe-878/index.html]
[localhost/AnhMinh/index15f0.html]
[localhost/AnhMinh/wp-json/wp/v2/product/121.json]
[localhost/AnhMinh/san-pham/mu-bao-hiem-3-4-ego-e3/feed/index.html]
[localhost/AnhMinh/wp-json/oembed/1.0/embedac79.json]
[localhost/AnhMinh/wp-json/oembed/1.0/embed82e7]
[localhost/AnhMinh/wp-content/uploads/2021/09/3-4_ego_e3_1.jpg]
[localhost/AnhMinh/wp-content/uploads/2021/09/3-4_ego_e3_1-600x600.jpg]
[localhost/AnhMinh/wp-content/uploads/2021/09/3-4_ego_e3_2.jpg]
[localhost/AnhMinh/wp-content/uploads/2021/09/3-4_ego_e3_2-600x600.jpg]
[localhost/AnhMinh/wp-content/uploads/2021/09/3-4_ego_e3_3.jpg]
[localhost/AnhMinh/wp-content/uploads/2021/09/3-4_ego_e3_3-600x600.jpg]
[localhost/AnhMinh/wp-content/uploads/2021/09/3-4_ego_e3_4.jpg]
[localhost/AnhMinh/wp-content/uploads/2021/09/3-4_ego_e3_4-600x600.jpg]
[localhost/AnhMinh/wp-content/uploads/2021/09/3-4_ego_e3_3-300x300.jpg]
[localhost/AnhMinh/wp-content/uploads/2021/09/3-4_ego_e3_4-300x300.jpg]
[localhost/AnhMinh/san-pham/mu-bao-hiem-3-4-ego-e3/index.html]
[localhost/AnhMinh/indexf19a.html]
[localhost/AnhMinh/wp-json/wp/v2/product/209.json]
[localhost/AnhMinh/san-pham/mu-bao-hiem-sunda-135-kinh-am/feed/index.html]
[localhost/AnhMinh/wp-json/oembed/1.0/embed219c.json]
[localhost/AnhMinh/wp-json/oembed/1.0/embedd661]
[localhost/AnhMinh/wp-content/uploads/2021/09/sunda_135_1.jpg]
[localhost/AnhMinh/wp-content/uploads/2021/09/sunda_135_1-600x600.jpg]
[localhost/AnhMinh/wp-content/uploads/2021/09/sunda_135_2.jpg]
[localhost/AnhMinh/wp-content/uploads/2021/09/sunda_135_2-600x600.jpg]
[localhost/AnhMinh/wp-content/uploads/2021/09/sunda_135_3.jpg]
[localhost/AnhMinh/wp-content/uploads/2021/09/sunda_135_3-600x600.jpg]
[localhost/AnhMinh/wp-content/uploads/2021/09/sunda_135_3-300x300.jpg]
[localhost/AnhMinh/wp-content/uploads/2021/09/bulldog_pug_1-100x100.jpg]
[localhost/AnhMinh/san-pham/mu-bao-hiem-sunda-135-kinh-am/index.html]
[localhost/AnhMinh/indexe83a.html]
[localhost/AnhMinh/san-pham/mu-bao-hiem-bulldog-gang/feed/index.html]
[localhost/AnhMinh/wp-json/wp/v2/product/194.json]
[localhost/AnhMinh/wp-json/oembed/1.0/embed40a8.json]
[localhost/AnhMinh/wp-json/oembed/1.0/embed65b3]
[localhost/AnhMinh/wp-content/uploads/2021/09/bulldog_gang_1.jpg]
[localhost/AnhMinh/wp-content/uploads/2021/09/bulldog_gang_1-600x600.jpg]
[localhost/AnhMinh/wp-content/uploads/2021/09/bulldog_gang_2.jpg]
[localhost/AnhMinh/wp-content/uploads/2021/09/bulldog_gang_2-600x600.jpg]
[localhost/AnhMinh/wp-content/uploads/2021/09/bulldog_gang_3.jpg]
[localhost/AnhMinh/wp-content/uploads/2021/09/bulldog_gang_3-600x600.jpg]
[localhost/AnhMinh/wp-content/uploads/2021/09/bulldog_gang_4.jpg]
[localhost/AnhMinh/wp-content/uploads/2021/09/bulldog_gang_4-600x600.jpg]
[localhost/AnhMinh/wp-content/uploads/2021/09/bulldog_gang_3-300x300.jpg]
[localhost/AnhMinh/wp-content/uploads/2021/09/bulldog_gang_4-300x300.jpg]
[localhost/AnhMinh/wp-content/uploads/2021/09/andes_181_1-100x100.jpg]
[localhost/AnhMinh/san-pham/mu-bao-hiem-bulldog-gang/index.html]
[localhost/AnhMinh/indexe0e9.html]
[localhost/AnhMinh/wp-json/wp/v2/product/189.json]
[localhost/AnhMinh/san-pham/mu-bao-hiem-andes-181-kinh-am/feed/index.html]
[localhost/AnhMinh/wp-json/oembed/1.0/embed54cb.json]
[localhost/AnhMinh/wp-json/oembed/1.0/embede852]
[localhost/AnhMinh/wp-content/uploads/2021/09/andes_181_1.jpg]
[localhost/AnhMinh/wp-content/uploads/2021/09/andes_181_1-600x600.jpg]
[localhost/AnhMinh/wp-content/uploads/2021/09/andes_181_2-600x600.jpg]
[localhost/AnhMinh/wp-content/uploads/2021/09/andes_181_3.jpg]
[localhost/AnhMinh/wp-content/uploads/2021/09/andes_181_3-600x600.jpg]
[localhost/AnhMinh/wp-content/uploads/2021/09/andes_181_4.jpg]
[localhost/AnhMinh/wp-content/uploads/2021/09/andes_181_4-600x600.jpg]
[localhost/AnhMinh/wp-content/uploads/2021/09/andes_181_3-300x300.jpg]
[localhost/AnhMinh/wp-content/uploads/2021/09/andes_181_4-300x300.jpg]
[localhost/AnhMinh/san-pham/mu-bao-hiem-andes-181-kinh-am/index.html]
[localhost/AnhMinh/index4b28.html]
[localhost/AnhMinh/san-pham/gang-probiker-ngon-cut-gu-inox/feed/index.html]
[localhost/AnhMinh/wp-json/wp/v2/product/260.json]
[localhost/AnhMinh/wp-json/oembed/1.0/embedcc24.json]
[localhost/AnhMinh/wp-json/oembed/1.0/embed0fc1]
[localhost/AnhMinh/wp-content/uploads/2021/09/probiker_cut_gu_inox_1.jpg]
[localhost/AnhMinh/wp-content/uploads/2021/09/probiker_cut_gu_inox_1-600x600.jpg]
[localhost/AnhMinh/wp-content/uploads/2021/09/probiker_cut_gu_inox_2.jpg]
[localhost/AnhMinh/wp-content/uploads/2021/09/probiker_cut_gu_inox_2-600x600.jpg]
[localhost/AnhMinh/wp-content/uploads/2021/09/probiker_cut_gu_inox_3.jpg]
[localhost/AnhMinh/wp-content/uploads/2021/09/probiker_cut_gu_inox_4.jpg]
[localhost/AnhMinh/wp-content/uploads/2021/09/probiker_cut_gu_inox_4-600x600.jpg]
[localhost/AnhMinh/wp-content/uploads/2021/09/probiker_cut_gu_inox_3-300x300.jpg]
[localhost/AnhMinh/wp-content/uploads/2021/09/probiker_cut_gu_inox_4-300x300.jpg]
[localhost/AnhMinh/wp-content/uploads/2021/09/oakley_ngon_dai_1-100x100.jpg]
[localhost/AnhMinh/san-pham/gang-probiker-ngon-cut-gu-inox/index.html]
[localhost/AnhMinh/indexb08b.html]
[localhost/AnhMinh/wp-json/wp/v2/product/244.json]
[localhost/AnhMinh/san-pham/gang-oakley-ngon-cut/feed/index.html]
[localhost/AnhMinh/wp-json/oembed/1.0/embed3a0c.json]
[localhost/AnhMinh/wp-json/oembed/1.0/embed86ad]
[localhost/AnhMinh/wp-content/uploads/2021/09/oakley_ngon_cut_2.jpg]
[localhost/AnhMinh/wp-content/uploads/2021/09/oakley_ngon_cut_3.jpg]
[localhost/AnhMinh/wp-content/uploads/2021/09/oakley_ngon_cut_3-600x600.jpg]
[localhost/AnhMinh/wp-content/uploads/2021/09/oakley_ngon_cut_4.jpg]
[localhost/AnhMinh/wp-content/uploads/2021/09/oakley_ngon_cut_3-300x300.jpg]
[localhost/AnhMinh/wp-content/uploads/2021/09/oakley_ngon_cut_4-300x300.jpg]
[localhost/AnhMinh/wp-content/uploads/2021/09/oakley_ngon_cut_2-300x266.jpg]
[localhost/AnhMinh/san-pham/gang-oakley-ngon-cut/index.html]
[localhost/AnhMinh/wp-content/uploads/2021/09/oakley_ngon_cut_4-300x255.jpg]
[localhost/AnhMinh/index3424.html]
[localhost/AnhMinh/san-pham/gang-black-hawk-ngon-dai/feed/index.html]
[localhost/AnhMinh/wp-json/wp/v2/product/233.json]
[localhost/AnhMinh/wp-json/oembed/1.0/embed1a43.json]
[localhost/AnhMinh/wp-json/oembed/1.0/embede89e]
[localhost/AnhMinh/wp-content/uploads/2021/09/black_hawk_dai_3.jpg]
[localhost/AnhMinh/wp-content/uploads/2021/09/black_hawk_dai_3-600x600.jpg]
[localhost/AnhMinh/wp-content/uploads/2021/09/black_hawk_dai_1.jpg]
[localhost/AnhMinh/wp-content/uploads/2021/09/black_hawk_dai_1-600x600.jpg]
[localhost/AnhMinh/wp-content/uploads/2021/09/black_hawk_dai_2.jpg]
[localhost/AnhMinh/wp-content/uploads/2021/09/black_hawk_dai_2-600x600.jpg]
[localhost/AnhMinh/wp-content/uploads/2021/09/black_hawk_dai_2-300x300.jpg]
[localhost/AnhMinh/wp-content/uploads/2021/09/gang_black_hawk_1-100x100.jpg]
[localhost/AnhMinh/wp-content/uploads/2021/09/bang_do_size_gang.jpg]
[localhost/AnhMinh/san-pham/gang-black-hawk-ngon-dai/index.html]
[localhost/AnhMinh/indexb451.html]
[localhost/AnhMinh/wp-json/wp/v2/product/326.json]
[localhost/AnhMinh/san-pham/balo-chien-thuat-7d/feed/index.html]
[localhost/AnhMinh/wp-json/oembed/1.0/embedac73.json]
[localhost/AnhMinh/wp-json/oembed/1.0/embedbea4]
[localhost/AnhMinh/wp-content/uploads/2021/09/balo_7d_1.jpg]
[localhost/AnhMinh/wp-content/uploads/2021/09/balo_7d_1-600x600.jpg]
[localhost/AnhMinh/wp-content/uploads/2021/09/balo_7d_2.jpg]
[localhost/AnhMinh/wp-content/uploads/2021/09/balo_7d_2-600x597.jpg]
[localhost/AnhMinh/wp-content/uploads/2021/09/balo_7d_3.jpg]
[localhost/AnhMinh/wp-content/uploads/2021/09/balo_7d_3-600x603.jpg]
[localhost/AnhMinh/wp-content/uploads/2021/09/balo_7d_4.jpg]
[localhost/AnhMinh/wp-content/uploads/2021/09/balo_7d_4-600x599.jpg]
[localhost/AnhMinh/wp-content/uploads/2021/09/balo_7d_3-300x300.jpg]
[localhost/AnhMinh/wp-content/uploads/2021/09/balo_7d_4-300x300.jpg]
[localhost/AnhMinh/wp-content/uploads/2021/09/balo_7d_2-300x298.jpg]
[localhost/AnhMinh/wp-content/uploads/2021/09/balo_7d_3-298x300.jpg]
[localhost/AnhMinh/san-pham/balo-chien-thuat-7d/index.html]
[localhost/AnhMinh/indexac7c.html]
[localhost/AnhMinh/san-pham/balo-chien-thuat-3p/feed/index.html]
[localhost/AnhMinh/wp-json/wp/v2/product/321.json]
[localhost/AnhMinh/wp-json/oembed/1.0/embedddcc.json]
[localhost/AnhMinh/wp-json/oembed/1.0/embed4a87]
[localhost/AnhMinh/wp-content/uploads/2021/09/balo_3p_1.jpg]
[localhost/AnhMinh/wp-content/uploads/2021/09/balo_3p_1-600x682.jpg]
[localhost/AnhMinh/wp-content/uploads/2021/09/balo_3p_2.jpg]
[localhost/AnhMinh/wp-content/uploads/2021/09/balo_3p_3.jpg]
[localhost/AnhMinh/wp-content/uploads/2021/09/balo_3p_3-600x600.jpg]
[localhost/AnhMinh/wp-content/uploads/2021/09/balo_3p_4.jpg]
[localhost/AnhMinh/wp-content/uploads/2021/09/balo_3p_3-300x300.jpg]
[localhost/AnhMinh/wp-content/uploads/2021/09/balo_3p_4-300x300.jpg]
[localhost/AnhMinh/wp-content/uploads/2021/09/balo_3d_3-100x100.jpg]
[localhost/AnhMinh/wp-content/uploads/2021/09/balo_3p_1-264x300.jpg]
[localhost/AnhMinh/san-pham/balo-chien-thuat-3p/index.html]
[localhost/AnhMinh/indexe865.html]
[localhost/AnhMinh/wp-includes/js/zxcvbn-async.min5152.js]
[localhost/AnhMinh/wp-includes/js/dist/hooks.mine16b.js]
[localhost/AnhMinh/wp-includes/js/dist/i18n.min71a7.js]
[localhost/AnhMinh/wp-admin/js/password-strength-meter.minf658.js]
[localhost/AnhMinh/wp-content/plugins/woocommerce/assets/js/frontend/password-strength-meter.mina78f.js]
[localhost/AnhMinh/wp-content/plugins/woocommerce/assets/js/frontend/lost-password.mina78f.js]
[localhost/AnhMinh/tai-khoan/lost-password/index.html]
[localhost/AnhMinh/wp-content/themes/flatsome/inc/shortcodes/ux_countdown/ux-countdownf658.css]
[localhost/AnhMinh/index8cae.html]
[localhost/AnhMinh/index6cf3.html]
[localhost/AnhMinh/wp-content/uploads/forminator/css/style-3463d72.css]
[localhost/AnhMinh/wp-content/plugins/forminator/assets/forminator-ui/fonts/forminator-icons-font8782.eot]
[localhost/AnhMinh/wp-content/plugins/forminator/assets/forminator-ui/fonts/forminator-icons-font8782.woff2]
[localhost/AnhMinh/wp-content/plugins/forminator/assets/forminator-ui/fonts/forminator-icons-font8782.woff]
[localhost/AnhMinh/wp-content/plugins/forminator/assets/forminator-ui/fonts/forminator-icons-font8782.ttf]
[localhost/AnhMinh/wp-content/plugins/forminator/assets/forminator-ui/css/forminator-icons.min299b.css]
[localhost/AnhMinh/wp-content/plugins/forminator/assets/forminator-ui/css/src/forminator-utilities.min299b.css]
[localhost/AnhMinh/wp-content/plugins/forminator/assets/forminator-ui/css/src/grid/forminator-grid.open.min299b.css]
[localhost/AnhMinh/wp-content/plugins/forminator/assets/forminator-ui/css/src/form/forminator-form-default.base.min299b.css]
[localhost/AnhMinh/wp-content/plugins/forminator/assets/forminator-ui/css/src/form/forminator-form-default.full.min299b.css]
[localhost/AnhMinh/wp-content/plugins/forminator/assets/img/flags.png]
[localhost/AnhMinh/wp-content/plugins/forminator/assets/img/flags@2x.png]
[localhost/AnhMinh/wp-content/plugins/forminator/assets/css/intlTelInput.minfa0c.css]
[localhost/AnhMinh/wp-includes/css/buttons.minf658.css]
[localhost/AnhMinh/wp-content/plugins/woo-vietnam-checkout/assets/css/devvn_dwas_style1c12.css]
[localhost/AnhMinh/wp-content/plugins/woocommerce/assets/css/select2a78f.css]
[localhost/AnhMinh/index0b69.html]
[localhost/AnhMinh/index678b.html]
[localhost/AnhMinh/danh-muc-san-pham/mu-bao-hiem-fullface/indexfa65.html]
[localhost/AnhMinh/danh-muc-san-pham/mu-bao-hiem-fullface/indexc931.html]
[localhost/AnhMinh/danh-muc-san-pham/mu-bao-hiem-fullface/index6ddc.html]
[localhost/AnhMinh/danh-muc-san-pham/mu-bao-hiem-fullface/indexbb10.html]
[localhost/AnhMinh/danh-muc-san-pham/mu-bao-hiem-fullface/index7bd2.html]
[localhost/AnhMinh/danh-muc-san-pham/mu-bao-hiem-fullface/index9b89.html]
[localhost/AnhMinh/danh-muc-san-pham/mu-bao-hiem-fullface/indexea66.html]
[localhost/AnhMinh/danh-muc-san-pham/mu-bao-hiem-fullface/index8cf4.html]
[localhost/AnhMinh/danh-muc-san-pham/mu-bao-hiem-3-4/indexf19a.html]
[localhost/AnhMinh/danh-muc-san-pham/mu-bao-hiem-3-4/index15f0.html]
[localhost/AnhMinh/danh-muc-san-pham/mu-bao-hiem-3-4/index0e6a.html]
[localhost/AnhMinh/danh-muc-san-pham/mu-bao-hiem-3-4/index62c1.html]
[localhost/AnhMinh/danh-muc-san-pham/mu-bao-hiem-3-4/index8446.html]
[localhost/AnhMinh/danh-muc-san-pham/mu-bao-hiem-3-4/indexb9e4.html]
[localhost/AnhMinh/danh-muc-san-pham/mu-bao-hiem-3-4/index46a6.html]
[localhost/AnhMinh/danh-muc-san-pham/mu-bao-hiem-3-4/index1f29.html]
[localhost/AnhMinh/danh-muc-san-pham/mu-bao-hiem-1-2/indexb1a3.html]
[localhost/AnhMinh/danh-muc-san-pham/mu-bao-hiem-1-2/index4b28.html]
[localhost/AnhMinh/danh-muc-san-pham/mu-bao-hiem-1-2/indexe0e9.html]
[localhost/AnhMinh/danh-muc-san-pham/mu-bao-hiem-1-2/index80aa.html]
[localhost/AnhMinh/danh-muc-san-pham/mu-bao-hiem-1-2/index177c.html]
[localhost/AnhMinh/danh-muc-san-pham/mu-bao-hiem-1-2/indexe83a.html]
[localhost/AnhMinh/danh-muc-san-pham/gang-tay/index65dc.html]
[localhost/AnhMinh/danh-muc-san-pham/gang-tay/indexb451.html]
[localhost/AnhMinh/danh-muc-san-pham/gang-tay/index3424.html]
[localhost/AnhMinh/danh-muc-san-pham/gang-tay/index8e5f.html]
[localhost/AnhMinh/danh-muc-san-pham/gang-tay/indexb08b.html]
[localhost/AnhMinh/danh-muc-san-pham/gang-tay/indexcbac.html]
[localhost/AnhMinh/danh-muc-san-pham/balo-tui/indexef9b.html]
[localhost/AnhMinh/danh-muc-san-pham/balo-tui/indexe865.html]
[localhost/AnhMinh/danh-muc-san-pham/balo-tui/indexac7c.html]
[localhost/AnhMinh/danh-muc-san-pham/balo-tui/index19c7.html]
[localhost/AnhMinh/danh-muc-san-pham/balo-tui/index2ee2.html]
[localhost/AnhMinh/danh-muc-san-pham/balo-tui/index12d7.html]
[localhost/AnhMinh/cua-hang/indexef9b.html]
[localhost/AnhMinh/cua-hang/indexe865.html]
[localhost/AnhMinh/cua-hang/indexac7c.html]
[localhost/AnhMinh/cua-hang/index19c7.html]
[localhost/AnhMinh/cua-hang/index2ee2.html]
[localhost/AnhMinh/cua-hang/index12d7.html]
[localhost/AnhMinh/cua-hang/index65dc.html]
[localhost/AnhMinh/cua-hang/indexb451.html]
[localhost/AnhMinh/cua-hang/index3424.html]
[localhost/AnhMinh/cua-hang/index8e5f.html]
[localhost/AnhMinh/cua-hang/indexb08b.html]
[localhost/AnhMinh/cua-hang/indexcbac.html]
[localhost/AnhMinh/cua-hang/page/2/index.html]
[localhost/AnhMinh/cua-hang/page/3/index.html]
[localhost/AnhMinh/wp-json/wp/v2/categories/103.json]
[localhost/AnhMinh/category/hoi-dap/index.html]
[localhost/AnhMinh/category/hoi-dap/feed/index.html]
[localhost/AnhMinh/wp-json/wp/v2/posts/407.json]
[localhost/AnhMinh/kinh-khoi-la-gi-tim-hieu-kinh-khoi-mu-bao-hiem/feed/index.html]
[localhost/AnhMinh/wp-json/oembed/1.0/embedb51d.json]
[localhost/AnhMinh/wp-json/oembed/1.0/embed517b]
[localhost/AnhMinh/wp-content/uploads/2021/10/kinh-khoi-la-gi-tim-hieu-kinh-khoi-mu-bao-hiem-32555.png]
[localhost/AnhMinh/kinh-khoi-la-gi-tim-hieu-kinh-khoi-mu-bao-hiem/index.html]
[localhost/AnhMinh/author/anhminh/feed/index.html]
[localhost/AnhMinh/wp-json/wp/v2/users/1.json]
[localhost/AnhMinh/author/anhminh/index.html]
[localhost/AnhMinh/kinh-trang-guong-mu-bao-hiem-la-gi/feed/index.html]
[localhost/AnhMinh/wp-json/wp/v2/posts/363.json]
[localhost/AnhMinh/wp-json/oembed/1.0/embed76eb.json]
[localhost/AnhMinh/wp-json/oembed/1.0/embed9ccc]
[localhost/AnhMinh/wp-content/uploads/2021/10/mu-fullface-royal-m136-28941.jpg]
[localhost/AnhMinh/wp-content/uploads/2021/10/mu-bao-hiem-asia-115-1m4G3-wVC87O_simg_d0daf0_800x1200_max.png]
[localhost/AnhMinh/kinh-trang-guong-mu-bao-hiem-la-gi/index.html]
[localhost/AnhMinh/indexd8eb.html]
[localhost/AnhMinh/indexa1ca.html]
[localhost/AnhMinh/wp-content/plugins/woocommerce/assets/css/photoswipe/default-skin/default-skin.png]
[localhost/AnhMinh/wp-content/plugins/woocommerce/assets/css/photoswipe/photoswipe.mina78f.css]
[localhost/AnhMinh/wp-content/plugins/woocommerce/assets/css/photoswipe/default-skin/preloader.gif]
[localhost/AnhMinh/wp-content/plugins/woocommerce/assets/css/photoswipe/default-skin/default-skin.mina78f.css]
[localhost/AnhMinh/index67bc.html]
[localhost/AnhMinh/san-pham/gang-tay-511-ngon-cut/indexcbac.html]
[localhost/AnhMinh/tu-khoa-san-pham/511/feed/index.html]
[localhost/AnhMinh/wp-json/wp/v2/product_tag/95.json]
[localhost/AnhMinh/tu-khoa-san-pham/511/index.html]
[localhost/AnhMinh/wp-json/wp/v2/product_tag/86.json]
[localhost/AnhMinh/tu-khoa-san-pham/gang-tay/index.html]
[localhost/AnhMinh/tu-khoa-san-pham/gang-tay/feed/index.html]
[localhost/AnhMinh/tu-khoa-san-pham/ngon-cut/feed/index.html]
[localhost/AnhMinh/wp-json/wp/v2/product_tag/90.json]
[localhost/AnhMinh/tu-khoa-san-pham/ngon-cut/index.html]
[localhost/AnhMinh/san-pham/gang-tay-511-ngon-cut/indexb08b.html]
[localhost/AnhMinh/san-pham/gang-tay-511-ngon-cut/index8e5f.html]
[localhost/AnhMinh/san-pham/gang-tay-511-ngon-cut/index65dc.html]
[localhost/AnhMinh/san-pham/gang-tay-511-ngon-cut/indexb451.html]
[localhost/AnhMinh/san-pham/gang-tay-511-ngon-cut/index3424.html]
[localhost/AnhMinh/indexf3dd.html]
[localhost/AnhMinh/san-pham/mũ-bảo-hiẻm-grs-a737k/index177c.html]
[localhost/AnhMinh/wp-json/wp/v2/product_tag/81.json]
[localhost/AnhMinh/tu-khoa-san-pham/a737k/index.html]
[localhost/AnhMinh/tu-khoa-san-pham/a737k/feed/index.html]
[localhost/AnhMinh/wp-json/wp/v2/product_tag/80.json]
[localhost/AnhMinh/tu-khoa-san-pham/grs/index.html]
[localhost/AnhMinh/tu-khoa-san-pham/grs/feed/index.html]
[localhost/AnhMinh/tu-khoa-san-pham/grs-a737k/feed/index.html]
[localhost/AnhMinh/wp-json/wp/v2/product_tag/82.json]
[localhost/AnhMinh/tu-khoa-san-pham/grs-a737k/index.html]
[localhost/AnhMinh/wp-json/wp/v2/product_tag/21.json]
[localhost/AnhMinh/tu-khoa-san-pham/mu/index.html]
[localhost/AnhMinh/tu-khoa-san-pham/mu/feed/index.html]
[localhost/AnhMinh/wp-json/wp/v2/product_tag/22.json]
[localhost/AnhMinh/tu-khoa-san-pham/mu-bao-hiem/index.html]
[localhost/AnhMinh/tu-khoa-san-pham/mu-bao-hiem/feed/index.html]
[localhost/AnhMinh/wp-json/wp/v2/product_tag/68.json]
[localhost/AnhMinh/tu-khoa-san-pham/mu-bao-hiem-1-2/index.html]
[localhost/AnhMinh/san-pham/mũ-bảo-hiẻm-grs-a737k/index0e6a.html]
[localhost/AnhMinh/san-pham/mũ-bảo-hiẻm-grs-a737k/index4b28.html]
[localhost/AnhMinh/san-pham/mũ-bảo-hiẻm-grs-a737k/index15f0.html]
[localhost/AnhMinh/san-pham/mũ-bảo-hiẻm-grs-a737k/index80aa.html]
[localhost/AnhMinh/san-pham/mũ-bảo-hiẻm-grs-a737k/indexe83a.html]
[localhost/AnhMinh/san-pham/mũ-bảo-hiẻm-grs-a737k/index7bd2.html]
[localhost/AnhMinh/san-pham/mũ-bảo-hiẻm-grs-a737k/indexc931.html]
[localhost/AnhMinh/san-pham/mũ-bảo-hiẻm-grs-a737k/indexf19a.html]
[localhost/AnhMinh/indexe887.html]
[localhost/AnhMinh/san-pham/mu-bao-hiem-royal-m138b/indexea66.html]
[localhost/AnhMinh/tu-khoa-san-pham/mu-bao-hiem-1-2/feed/index.html]
[localhost/AnhMinh/tu-khoa-san-pham/m138b/feed/index.html]
[localhost/AnhMinh/wp-json/wp/v2/product_tag/43.json]
[localhost/AnhMinh/tu-khoa-san-pham/m138b/index.html]
[localhost/AnhMinh/tu-khoa-san-pham/mu-bao-hiem-fullface/feed/index.html]
[localhost/AnhMinh/wp-json/wp/v2/product_tag/23.json]
[localhost/AnhMinh/tu-khoa-san-pham/mu-bao-hiem-fullface/index.html]
[localhost/AnhMinh/wp-json/wp/v2/product_tag/40.json]
[localhost/AnhMinh/tu-khoa-san-pham/royal/index.html]
[localhost/AnhMinh/tu-khoa-san-pham/royal/feed/index.html]
[localhost/AnhMinh/tu-khoa-san-pham/royal-m138b/feed/index.html]
[localhost/AnhMinh/wp-json/wp/v2/product_tag/44.json]
[localhost/AnhMinh/tu-khoa-san-pham/royal-m138b/index.html]
[localhost/AnhMinh/san-pham/mu-bao-hiem-royal-m138b/indexb1a3.html]
[localhost/AnhMinh/san-pham/mu-bao-hiem-royal-m138b/indexc931.html]
[localhost/AnhMinh/san-pham/mu-bao-hiem-royal-m138b/index1f29.html]
[localhost/AnhMinh/san-pham/mu-bao-hiem-royal-m138b/index8446.html]
[localhost/AnhMinh/san-pham/mu-bao-hiem-royal-m138b/indexf19a.html]
[localhost/AnhMinh/san-pham/mu-bao-hiem-royal-m138b/index9b89.html]
[localhost/AnhMinh/san-pham/mu-bao-hiem-royal-m138b/index0e6a.html]
[localhost/AnhMinh/index5791.html]
[localhost/AnhMinh/san-pham/mu-bao-hiem-bulldog-heli-carbon/index62c1.html]
[localhost/AnhMinh/wp-json/wp/v2/product_tag/61.json]
[localhost/AnhMinh/tu-khoa-san-pham/bulldog/index.html]
[localhost/AnhMinh/tu-khoa-san-pham/bulldog/feed/index.html]
[localhost/AnhMinh/wp-json/wp/v2/product_tag/63.json]
[localhost/AnhMinh/tu-khoa-san-pham/bulldog-heli-carbon/index.html]
[localhost/AnhMinh/tu-khoa-san-pham/bulldog-heli-carbon/feed/index.html]
[localhost/AnhMinh/tu-khoa-san-pham/heli-carbon/feed/index.html]
[localhost/AnhMinh/wp-json/wp/v2/product_tag/62.json]
[localhost/AnhMinh/tu-khoa-san-pham/heli-carbon/index.html]
[localhost/AnhMinh/wp-json/wp/v2/product_tag/48.json]
[localhost/AnhMinh/tu-khoa-san-pham/mu-bao-hiem-3-4/index.html]
[localhost/AnhMinh/san-pham/mu-bao-hiem-bulldog-heli-carbon/index46a6.html]
[localhost/AnhMinh/san-pham/mu-bao-hiem-bulldog-heli-carbon/index15f0.html]
[localhost/AnhMinh/san-pham/mu-bao-hiem-bulldog-heli-carbon/index4b28.html]
[localhost/AnhMinh/san-pham/mu-bao-hiem-bulldog-heli-carbon/indexb9e4.html]
[localhost/AnhMinh/san-pham/mu-bao-hiem-bulldog-heli-carbon/index9b89.html]
[localhost/AnhMinh/san-pham/mu-bao-hiem-bulldog-heli-carbon/index8cf4.html]
[localhost/AnhMinh/san-pham/mu-bao-hiem-bulldog-heli-carbon/index1f29.html]
[localhost/AnhMinh/san-pham/mu-bao-hiem-bulldog-heli-carbon/indexf19a.html]
[localhost/AnhMinh/index7d3e.html]
[localhost/AnhMinh/san-pham/balo-chien-thuat-3d/indexef9b.html]
[localhost/AnhMinh/tu-khoa-san-pham/mu-bao-hiem-3-4/feed/index.html]
[localhost/AnhMinh/wp-json/wp/v2/product_tag/97.json]
[localhost/AnhMinh/tu-khoa-san-pham/3d/index.html]
[localhost/AnhMinh/tu-khoa-san-pham/3d/feed/index.html]
[localhost/AnhMinh/tu-khoa-san-pham/balo/feed/index.html]
[localhost/AnhMinh/wp-json/wp/v2/product_tag/96.json]
[localhost/AnhMinh/tu-khoa-san-pham/balo/index.html]
[localhost/AnhMinh/tu-khoa-san-pham/balo-3d/feed/index.html]
[localhost/AnhMinh/wp-json/wp/v2/product_tag/98.json]
[localhost/AnhMinh/tu-khoa-san-pham/balo-3d/index.html]
[localhost/AnhMinh/san-pham/balo-chien-thuat-3d/index2ee2.html]
[localhost/AnhMinh/san-pham/balo-chien-thuat-3d/index19c7.html]
[localhost/AnhMinh/san-pham/balo-chien-thuat-3d/indexe865.html]
[localhost/AnhMinh/san-pham/balo-chien-thuat-3d/index12d7.html]
[localhost/AnhMinh/san-pham/balo-chien-thuat-3d/indexac7c.html]
[localhost/AnhMinh/index2e64.html]
[localhost/AnhMinh/wp-json/wp/v2/product_tag/114.json]
[localhost/AnhMinh/tu-khoa-san-pham/pubg/index.html]
[localhost/AnhMinh/san-pham/balo-pupg/index12d7.html]
[localhost/AnhMinh/san-pham/balo-pupg/indexac7c.html]
[localhost/AnhMinh/san-pham/balo-pupg/indexe865.html]
[localhost/AnhMinh/san-pham/balo-pupg/index2ee2.html]
[localhost/AnhMinh/index5051.html]
[localhost/AnhMinh/san-pham/mu-bao-hiem-bulldog-pug-nua-dau/index80aa.html]
[localhost/AnhMinh/tu-khoa-san-pham/pubg/feed/index.html]
[localhost/AnhMinh/wp-json/wp/v2/product_tag/76.json]
[localhost/AnhMinh/tu-khoa-san-pham/bulldog-pug/index.html]
[localhost/AnhMinh/tu-khoa-san-pham/bulldog-pug/feed/index.html]
[localhost/AnhMinh/wp-json/wp/v2/product_tag/75.json]
[localhost/AnhMinh/tu-khoa-san-pham/pug/index.html]
[localhost/AnhMinh/san-pham/mu-bao-hiem-bulldog-pug-nua-dau/index8cf4.html]
[localhost/AnhMinh/san-pham/mu-bao-hiem-bulldog-pug-nua-dau/indexe0e9.html]
[localhost/AnhMinh/san-pham/mu-bao-hiem-bulldog-pug-nua-dau/index46a6.html]
[localhost/AnhMinh/san-pham/mu-bao-hiem-bulldog-pug-nua-dau/index0e6a.html]
[localhost/AnhMinh/san-pham/mu-bao-hiem-bulldog-pug-nua-dau/index1f29.html]
[localhost/AnhMinh/san-pham/mu-bao-hiem-bulldog-pug-nua-dau/indexfa65.html]
[localhost/AnhMinh/san-pham/mu-bao-hiem-bulldog-pug-nua-dau/index8446.html]
[localhost/AnhMinh/san-pham/mu-bao-hiem-bulldog-pug-nua-dau/index9b89.html]
[localhost/AnhMinh/indexa36b.html]
[localhost/AnhMinh/san-pham/mu-bao-hiem-napoli-n099/index46a6.html]
[localhost/AnhMinh/tu-khoa-san-pham/pug/feed/index.html]
[localhost/AnhMinh/wp-json/wp/v2/product_tag/59.json]
[localhost/AnhMinh/tu-khoa-san-pham/n099/index.html]
[localhost/AnhMinh/tu-khoa-san-pham/n099/feed/index.html]
[localhost/AnhMinh/wp-json/wp/v2/product_tag/58.json]
[localhost/AnhMinh/tu-khoa-san-pham/napoli/index.html]
[localhost/AnhMinh/tu-khoa-san-pham/napoli/feed/index.html]
[localhost/AnhMinh/wp-json/wp/v2/product_tag/60.json]
[localhost/AnhMinh/tu-khoa-san-pham/napoli-n099/index.html]
[localhost/AnhMinh/san-pham/mu-bao-hiem-napoli-n099/index15f0.html]
[localhost/AnhMinh/san-pham/mu-bao-hiem-napoli-n099/index9b89.html]
[localhost/AnhMinh/san-pham/mu-bao-hiem-napoli-n099/index4b28.html]
[localhost/AnhMinh/san-pham/mu-bao-hiem-napoli-n099/index7bd2.html]
[localhost/AnhMinh/san-pham/mu-bao-hiem-napoli-n099/indexbb10.html]
[localhost/AnhMinh/index5034.html]
[localhost/AnhMinh/san-pham/mu-bao-hiem-1-2-tem-hinh/indexb1a3.html]
[localhost/AnhMinh/tu-khoa-san-pham/napoli-n099/feed/index.html]
[localhost/AnhMinh/wp-json/wp/v2/product_tag/84.json]
[localhost/AnhMinh/tu-khoa-san-pham/hinh/index.html]
[localhost/AnhMinh/tu-khoa-san-pham/hinh/feed/index.html]
[localhost/AnhMinh/tu-khoa-san-pham/tem/feed/index.html]
[localhost/AnhMinh/wp-json/wp/v2/product_tag/83.json]
[localhost/AnhMinh/tu-khoa-san-pham/tem/index.html]
[localhost/AnhMinh/wp-json/wp/v2/product_tag/85.json]
[localhost/AnhMinh/tu-khoa-san-pham/tem-hinh/index.html]
[localhost/AnhMinh/san-pham/mu-bao-hiem-1-2-tem-hinh/indexc931.html]
[localhost/AnhMinh/san-pham/mu-bao-hiem-1-2-tem-hinh/index8446.html]
[localhost/AnhMinh/san-pham/mu-bao-hiem-1-2-tem-hinh/index9b89.html]
[localhost/AnhMinh/san-pham/mu-bao-hiem-1-2-tem-hinh/index1f29.html]
[localhost/AnhMinh/san-pham/mu-bao-hiem-1-2-tem-hinh/indexe83a.html]
[localhost/AnhMinh/tu-khoa-san-pham/tem-hinh/feed/index.html]
[localhost/AnhMinh/san-pham/mu-bao-hiem-1-2-tem-hinh/indexf19a.html]
[localhost/AnhMinh/san-pham/mu-bao-hiem-1-2-tem-hinh/indexfa65.html]
[localhost/AnhMinh/index30a5.html]
[localhost/AnhMinh/wp-json/wp/v2/product_tag/46.json]
[localhost/AnhMinh/tu-khoa-san-pham/977/index.html]
[localhost/AnhMinh/tu-khoa-san-pham/977/feed/index.html]
[localhost/AnhMinh/wp-json/wp/v2/product_tag/45.json]
[localhost/AnhMinh/tu-khoa-san-pham/yohe/index.html]
[localhost/AnhMinh/tu-khoa-san-pham/yohe/feed/index.html]
[localhost/AnhMinh/wp-json/wp/v2/product_tag/47.json]
[localhost/AnhMinh/tu-khoa-san-pham/yohe-977/index.html]
[localhost/AnhMinh/san-pham/mu-bao-hiem-yohe-977-fullface/index6ddc.html]
[localhost/AnhMinh/san-pham/mu-bao-hiem-yohe-977-fullface/indexe0e9.html]
[localhost/AnhMinh/san-pham/mu-bao-hiem-yohe-977-fullface/index7bd2.html]
[localhost/AnhMinh/san-pham/mu-bao-hiem-yohe-977-fullface/indexfa65.html]
[localhost/AnhMinh/san-pham/mu-bao-hiem-yohe-977-fullface/index4b28.html]
[localhost/AnhMinh/tu-khoa-san-pham/yohe-977/feed/index.html]
[localhost/AnhMinh/san-pham/mu-bao-hiem-yohe-977-fullface/indexf19a.html]
[localhost/AnhMinh/indexc902.html]
[localhost/AnhMinh/san-pham/gang-black-hawk-ngon-cut/index65dc.html]
[localhost/AnhMinh/tu-khoa-san-pham/black/feed/index.html]
[localhost/AnhMinh/wp-json/wp/v2/product_tag/87.json]
[localhost/AnhMinh/tu-khoa-san-pham/black/index.html]
[localhost/AnhMinh/wp-json/wp/v2/product_tag/89.json]
[localhost/AnhMinh/tu-khoa-san-pham/black-hawk/index.html]
[localhost/AnhMinh/tu-khoa-san-pham/black-hawk/feed/index.html]
[localhost/AnhMinh/wp-json/wp/v2/product_tag/88.json]
[localhost/AnhMinh/tu-khoa-san-pham/hawk/index.html]
[localhost/AnhMinh/san-pham/gang-black-hawk-ngon-cut/indexb08b.html]
[localhost/AnhMinh/san-pham/gang-black-hawk-ngon-cut/index3424.html]
[localhost/AnhMinh/san-pham/gang-black-hawk-ngon-cut/index8e5f.html]
[localhost/AnhMinh/san-pham/gang-black-hawk-ngon-cut/indexb451.html]
[localhost/AnhMinh/indexa943.html]
[localhost/AnhMinh/san-pham/gang-oakley-ngon-dai/index8e5f.html]
[localhost/AnhMinh/tu-khoa-san-pham/hawk/feed/index.html]
[localhost/AnhMinh/wp-json/wp/v2/product_tag/91.json]
[localhost/AnhMinh/tu-khoa-san-pham/ngon-dai/index.html]
[localhost/AnhMinh/tu-khoa-san-pham/ngon-dai/feed/index.html]
[localhost/AnhMinh/wp-json/wp/v2/product_tag/92.json]
[localhost/AnhMinh/tu-khoa-san-pham/oakley/index.html]
[localhost/AnhMinh/san-pham/gang-oakley-ngon-dai/indexb08b.html]
[localhost/AnhMinh/san-pham/gang-oakley-ngon-dai/indexb451.html]
[localhost/AnhMinh/san-pham/gang-oakley-ngon-dai/index3424.html]
[localhost/AnhMinh/indexead8.html]
[localhost/AnhMinh/san-pham/balo-taichi-rsb-272-chong-nuoc-tuyet-doi-co-led/index2ee2.html]
[localhost/AnhMinh/tu-khoa-san-pham/oakley/feed/index.html]
[localhost/AnhMinh/wp-json/wp/v2/product_tag/106.json]
[localhost/AnhMinh/tu-khoa-san-pham/272/index.html]
[localhost/AnhMinh/tu-khoa-san-pham/272/feed/index.html]
[localhost/AnhMinh/wp-json/wp/v2/product_tag/105.json]
[localhost/AnhMinh/tu-khoa-san-pham/rsb/index.html]
[localhost/AnhMinh/tu-khoa-san-pham/rsb/feed/index.html]
[localhost/AnhMinh/tu-khoa-san-pham/rsb-272/feed/index.html]
[localhost/AnhMinh/wp-json/wp/v2/product_tag/108.json]
[localhost/AnhMinh/tu-khoa-san-pham/rsb-272/index.html]
[localhost/AnhMinh/wp-json/wp/v2/product_tag/104.json]
[localhost/AnhMinh/tu-khoa-san-pham/taichi/index.html]
[localhost/AnhMinh/tu-khoa-san-pham/taichi/feed/index.html]
[localhost/AnhMinh/tu-khoa-san-pham/taichi-272/feed/index.html]
[localhost/AnhMinh/wp-json/wp/v2/product_tag/109.json]
[localhost/AnhMinh/tu-khoa-san-pham/taichi-272/index.html]
[localhost/AnhMinh/wp-json/wp/v2/product_tag/107.json]
[localhost/AnhMinh/tu-khoa-san-pham/taichi-rsb/index.html]
[localhost/AnhMinh/tu-khoa-san-pham/taichi-rsb/feed/index.html]
[localhost/AnhMinh/wp-json/wp/v2/product_tag/110.json]
[localhost/AnhMinh/tu-khoa-san-pham/taichi-rsb-272/index.html]
[localhost/AnhMinh/san-pham/balo-taichi-rsb-272-chong-nuoc-tuyet-doi-co-led/index12d7.html]
[localhost/AnhMinh/san-pham/balo-taichi-rsb-272-chong-nuoc-tuyet-doi-co-led/indexe865.html]
[localhost/AnhMinh/san-pham/balo-taichi-rsb-272-chong-nuoc-tuyet-doi-co-led/indexac7c.html]
[localhost/AnhMinh/index5831.html]
[localhost/AnhMinh/san-pham/mu-bao-hiem-agu-fullface/indexfa65.html]
[localhost/AnhMinh/tu-khoa-san-pham/taichi-rsb-272/feed/index.html]
[localhost/AnhMinh/wp-json/wp/v2/product_tag/24.json]
[localhost/AnhMinh/tu-khoa-san-pham/agu/index.html]
[localhost/AnhMinh/tu-khoa-san-pham/agu/feed/index.html]
[localhost/AnhMinh/wp-json/wp/v2/product_tag/25.json]
[localhost/AnhMinh/tu-khoa-san-pham/agu-fullface/index.html]
[localhost/AnhMinh/san-pham/mu-bao-hiem-agu-fullface/index0e6a.html]
[localhost/AnhMinh/san-pham/mu-bao-hiem-agu-fullface/indexf19a.html]
[localhost/AnhMinh/tu-khoa-san-pham/agu-fullface/feed/index.html]
[localhost/AnhMinh/san-pham/mu-bao-hiem-agu-fullface/indexbb10.html]
[localhost/AnhMinh/san-pham/mu-bao-hiem-agu-fullface/index1f29.html]
[localhost/AnhMinh/san-pham/mu-bao-hiem-agu-fullface/index9b89.html]
[localhost/AnhMinh/indexae62.html]
[localhost/AnhMinh/san-pham/balo-the-north-face-chong-nuoc/index12d7.html]
[localhost/AnhMinh/tu-khoa-san-pham/northface/feed/index.html]
[localhost/AnhMinh/wp-json/wp/v2/product_tag/111.json]
[localhost/AnhMinh/tu-khoa-san-pham/northface/index.html]
[localhost/AnhMinh/wp-json/wp/v2/product_tag/112.json]
[localhost/AnhMinh/tu-khoa-san-pham/the/index.html]
[localhost/AnhMinh/tu-khoa-san-pham/the/feed/index.html]
[localhost/AnhMinh/tu-khoa-san-pham/the-northface/feed/index.html]
[localhost/AnhMinh/wp-json/wp/v2/product_tag/113.json]
[localhost/AnhMinh/tu-khoa-san-pham/the-northface/index.html]
[localhost/AnhMinh/san-pham/balo-the-north-face-chong-nuoc/indexac7c.html]
[localhost/AnhMinh/san-pham/balo-the-north-face-chong-nuoc/indexe865.html]
[localhost/AnhMinh/index9430.html]
[localhost/AnhMinh/san-pham/mu-bao-hiem-royal-m136/index9b89.html]
[localhost/AnhMinh/wp-json/wp/v2/product_tag/41.json]
[localhost/AnhMinh/tu-khoa-san-pham/m136/index.html]
[localhost/AnhMinh/tu-khoa-san-pham/m136/feed/index.html]
[localhost/AnhMinh/wp-json/wp/v2/product_tag/42.json]
[localhost/AnhMinh/tu-khoa-san-pham/royal-m136/index.html]
[localhost/AnhMinh/san-pham/mu-bao-hiem-royal-m136/indexb9e4.html]
[localhost/AnhMinh/san-pham/mu-bao-hiem-royal-m136/indexc931.html]
[localhost/AnhMinh/san-pham/mu-bao-hiem-royal-m136/index6ddc.html]
[localhost/AnhMinh/san-pham/mu-bao-hiem-royal-m136/index1f29.html]
[localhost/AnhMinh/indexb190.html]
[localhost/AnhMinh/tu-khoa-san-pham/royal-m136/feed/index.html]
[localhost/AnhMinh/san-pham/mu-bao-hiem-gxt-2017/index7bd2.html]
[localhost/AnhMinh/tu-khoa-san-pham/2017/feed/index.html]
[localhost/AnhMinh/wp-json/wp/v2/product_tag/38.json]
[localhost/AnhMinh/tu-khoa-san-pham/2017/index.html]
[localhost/AnhMinh/wp-json/wp/v2/product_tag/37.json]
[localhost/AnhMinh/tu-khoa-san-pham/gtx/index.html]
[localhost/AnhMinh/tu-khoa-san-pham/gtx/feed/index.html]
[localhost/AnhMinh/tu-khoa-san-pham/gtx-2017/feed/index.html]
[localhost/AnhMinh/wp-json/wp/v2/product_tag/39.json]
[localhost/AnhMinh/tu-khoa-san-pham/gtx-2017/index.html]
[localhost/AnhMinh/san-pham/mu-bao-hiem-gxt-2017/indexe83a.html]
[localhost/AnhMinh/san-pham/mu-bao-hiem-gxt-2017/index8446.html]
[localhost/AnhMinh/san-pham/mu-bao-hiem-gxt-2017/index15f0.html]
[localhost/AnhMinh/indexe9b4.html]
[localhost/AnhMinh/san-pham/mu-bao-hiem-fullface-torc-t18-2-kinh-usa/indexbb10.html]
[localhost/AnhMinh/wp-json/wp/v2/product_tag/32.json]
[localhost/AnhMinh/tu-khoa-san-pham/t18/index.html]
[localhost/AnhMinh/tu-khoa-san-pham/t18/feed/index.html]
[localhost/AnhMinh/wp-json/wp/v2/product_tag/31.json]
[localhost/AnhMinh/tu-khoa-san-pham/torc/index.html]
[localhost/AnhMinh/tu-khoa-san-pham/torc/feed/index.html]
[localhost/AnhMinh/wp-json/wp/v2/product_tag/33.json]
[localhost/AnhMinh/tu-khoa-san-pham/torc-t18/index.html]
[localhost/AnhMinh/san-pham/mu-bao-hiem-fullface-torc-t18-2-kinh-usa/indexe83a.html]
[localhost/AnhMinh/tu-khoa-san-pham/torc-t18/feed/index.html]
[localhost/AnhMinh/san-pham/mu-bao-hiem-fullface-torc-t18-2-kinh-usa/index8446.html]
[localhost/AnhMinh/san-pham/mu-bao-hiem-fullface-torc-t18-2-kinh-usa/indexc931.html]
[localhost/AnhMinh/san-pham/mu-bao-hiem-fullface-torc-t18-2-kinh-usa/indexe0e9.html]
[localhost/AnhMinh/indexfbd5.html]
[localhost/AnhMinh/san-pham/mu-bao-hiem-ego-e8-fullface/index6ddc.html]
[localhost/AnhMinh/wp-json/wp/v2/product_tag/28.json]
[localhost/AnhMinh/tu-khoa-san-pham/e8/index.html]
[localhost/AnhMinh/tu-khoa-san-pham/e8/feed/index.html]
[localhost/AnhMinh/wp-json/wp/v2/product_tag/26.json]
[localhost/AnhMinh/tu-khoa-san-pham/ego/index.html]
[localhost/AnhMinh/tu-khoa-san-pham/ego/feed/index.html]
[localhost/AnhMinh/tu-khoa-san-pham/ego-e8/feed/index.html]
[localhost/AnhMinh/wp-json/wp/v2/product_tag/29.json]
[localhost/AnhMinh/tu-khoa-san-pham/ego-e8/index.html]
[localhost/AnhMinh/tu-khoa-san-pham/ego-e8-fullface/feed/index.html]
[localhost/AnhMinh/wp-json/wp/v2/product_tag/30.json]
[localhost/AnhMinh/tu-khoa-san-pham/ego-e8-fullface/index.html]
[localhost/AnhMinh/san-pham/mu-bao-hiem-ego-e8-fullface/indexc931.html]
[localhost/AnhMinh/san-pham/mu-bao-hiem-ego-e8-fullface/index4b28.html]
[localhost/AnhMinh/san-pham/mu-bao-hiem-ego-e8-fullface/indexb9e4.html]
[localhost/AnhMinh/index3c55.html]
[localhost/AnhMinh/san-pham/mu-bao-hiem-ego-e7/indexc931.html]
[localhost/AnhMinh/wp-json/wp/v2/product_tag/27.json]
[localhost/AnhMinh/tu-khoa-san-pham/ego-e7/index.html]
[localhost/AnhMinh/san-pham/mu-bao-hiem-ego-e7/indexb9e4.html]
[localhost/AnhMinh/san-pham/mu-bao-hiem-ego-e7/indexf19a.html]
[localhost/AnhMinh/san-pham/mu-bao-hiem-ego-e7/index4b28.html]
[localhost/AnhMinh/index421d.html]
[localhost/AnhMinh/san-pham/mu-bao-hiem-royal-m20/index1f29.html]
[localhost/AnhMinh/tu-khoa-san-pham/ego-e7/feed/index.html]
[localhost/AnhMinh/wp-json/wp/v2/product_tag/56.json]
[localhost/AnhMinh/tu-khoa-san-pham/m20/index.html]
[localhost/AnhMinh/tu-khoa-san-pham/m20/feed/index.html]
[localhost/AnhMinh/wp-json/wp/v2/product_tag/57.json]
[localhost/AnhMinh/tu-khoa-san-pham/royal-m20/index.html]
[localhost/AnhMinh/san-pham/mu-bao-hiem-royal-m20/indexb9e4.html]
[localhost/AnhMinh/index4034.html]
[localhost/AnhMinh/tu-khoa-san-pham/royal-m20/feed/index.html]
[localhost/AnhMinh/san-pham/mu-bao-hiem-bulldog-pom/indexb9e4.html]
[localhost/AnhMinh/tu-khoa-san-pham/bulldog-pom/feed/index.html]
[localhost/AnhMinh/wp-json/wp/v2/product_tag/65.json]
[localhost/AnhMinh/tu-khoa-san-pham/bulldog-pom/index.html]
[localhost/AnhMinh/tu-khoa-san-pham/pom/feed/index.html]
[localhost/AnhMinh/wp-json/wp/v2/product_tag/64.json]
[localhost/AnhMinh/tu-khoa-san-pham/pom/index.html]
[localhost/AnhMinh/san-pham/mu-bao-hiem-bulldog-pom/indexe83a.html]
[localhost/AnhMinh/san-pham/mu-bao-hiem-bulldog-pom/indexe0e9.html]
[localhost/AnhMinh/san-pham/mu-bao-hiem-bulldog-pom/index0e6a.html]
[localhost/AnhMinh/index3440.html]
[localhost/AnhMinh/wp-json/wp/v2/product_tag/67.json]
[localhost/AnhMinh/tu-khoa-san-pham/bulldog-pero-4u/index.html]
[localhost/AnhMinh/tu-khoa-san-pham/bulldog-pero-4u/feed/index.html]
[localhost/AnhMinh/wp-json/wp/v2/product_tag/66.json]
[localhost/AnhMinh/tu-khoa-san-pham/pero-4u/index.html]
[localhost/AnhMinh/san-pham/mu-bao-hiem-bulldog-perro-4u/index4b28.html]
[localhost/AnhMinh/san-pham/mu-bao-hiem-bulldog-perro-4u/index0e6a.html]
[localhost/AnhMinh/index248a.html]
[localhost/AnhMinh/tu-khoa-san-pham/pero-4u/feed/index.html]
[localhost/AnhMinh/san-pham/mu-bao-hiem-asia-m115/index0e6a.html]
[localhost/AnhMinh/wp-json/wp/v2/product_tag/53.json]
[localhost/AnhMinh/tu-khoa-san-pham/asia/index.html]
[localhost/AnhMinh/tu-khoa-san-pham/asia/feed/index.html]
[localhost/AnhMinh/wp-json/wp/v2/product_tag/55.json]
[localhost/AnhMinh/tu-khoa-san-pham/asia-m115/index.html]
[localhost/AnhMinh/tu-khoa-san-pham/asia-m115/feed/index.html]
[localhost/AnhMinh/wp-json/wp/v2/product_tag/54.json]
[localhost/AnhMinh/tu-khoa-san-pham/m115/index.html]
[localhost/AnhMinh/san-pham/mu-bao-hiem-asia-m115/indexe83a.html]
[localhost/AnhMinh/index8b4e.html]
[localhost/AnhMinh/tu-khoa-san-pham/m115/feed/index.html]
[localhost/AnhMinh/wp-json/wp/v2/product_tag/51.json]
[localhost/AnhMinh/tu-khoa-san-pham/878/index.html]
[localhost/AnhMinh/tu-khoa-san-pham/878/feed/index.html]
[localhost/AnhMinh/wp-json/wp/v2/product_tag/52.json]
[localhost/AnhMinh/tu-khoa-san-pham/yohe-878/index.html]
[localhost/AnhMinh/san-pham/mu-bao-hiem-3-4-yohe-878/indexf19a.html]
[localhost/AnhMinh/indexe856.html]
[localhost/AnhMinh/san-pham/mu-bao-hiem-3-4-ego-e3/indexf19a.html]
[localhost/AnhMinh/tu-khoa-san-pham/yohe-878/feed/index.html]
[localhost/AnhMinh/wp-json/wp/v2/product_tag/49.json]
[localhost/AnhMinh/tu-khoa-san-pham/e3/index.html]
[localhost/AnhMinh/tu-khoa-san-pham/e3/feed/index.html]
[localhost/AnhMinh/wp-json/wp/v2/product_tag/50.json]
[localhost/AnhMinh/tu-khoa-san-pham/ego-e3/index.html]
[localhost/AnhMinh/san-pham/mu-bao-hiem-3-4-ego-e3/indexe83a.html]
[localhost/AnhMinh/index4e6a.html]
[localhost/AnhMinh/san-pham/mu-bao-hiem-sunda-135-kinh-am/indexe83a.html]
[localhost/AnhMinh/tu-khoa-san-pham/ego-e3/feed/index.html]
[localhost/AnhMinh/tu-khoa-san-pham/135/feed/index.html]
[localhost/AnhMinh/wp-json/wp/v2/product_tag/78.json]
[localhost/AnhMinh/tu-khoa-san-pham/135/index.html]
[localhost/AnhMinh/wp-json/wp/v2/product_tag/77.json]
[localhost/AnhMinh/tu-khoa-san-pham/sunda/index.html]
[localhost/AnhMinh/tu-khoa-san-pham/sunda/feed/index.html]
[localhost/AnhMinh/wp-json/wp/v2/product_tag/79.json]
[localhost/AnhMinh/tu-khoa-san-pham/sunda-135/index.html]
[localhost/AnhMinh/indexc8fa.html]
[localhost/AnhMinh/san-pham/mu-bao-hiem-bulldog-gang/indexe0e9.html]
[localhost/AnhMinh/tu-khoa-san-pham/sunda-135/feed/index.html]
[localhost/AnhMinh/wp-json/wp/v2/product_tag/74.json]
[localhost/AnhMinh/tu-khoa-san-pham/bulldog-gang/index.html]
[localhost/AnhMinh/tu-khoa-san-pham/bulldog-gang/feed/index.html]
[localhost/AnhMinh/wp-json/wp/v2/product_tag/73.json]
[localhost/AnhMinh/tu-khoa-san-pham/gang/index.html]
[localhost/AnhMinh/indexa80c.html]
[localhost/AnhMinh/san-pham/mu-bao-hiem-andes-181-kinh-am/index4b28.html]
[localhost/AnhMinh/tu-khoa-san-pham/gang/feed/index.html]
[localhost/AnhMinh/wp-json/wp/v2/product_tag/70.json]
[localhost/AnhMinh/tu-khoa-san-pham/181/index.html]
[localhost/AnhMinh/tu-khoa-san-pham/181/feed/index.html]
[localhost/AnhMinh/wp-json/wp/v2/product_tag/69.json]
[localhost/AnhMinh/tu-khoa-san-pham/andes/index.html]
[localhost/AnhMinh/tu-khoa-san-pham/andes/feed/index.html]
[localhost/AnhMinh/wp-json/wp/v2/product_tag/71.json]
[localhost/AnhMinh/tu-khoa-san-pham/andes-181/index.html]
[localhost/AnhMinh/tu-khoa-san-pham/andes-181/feed/index.html]
[localhost/AnhMinh/wp-json/wp/v2/product_tag/72.json]
[localhost/AnhMinh/tu-khoa-san-pham/kinh-am/index.html]
[localhost/AnhMinh/index8e1b.html]
[localhost/AnhMinh/san-pham/gang-probiker-ngon-cut-gu-inox/indexb08b.html]
[localhost/AnhMinh/tu-khoa-san-pham/kinh-am/feed/index.html]
[localhost/AnhMinh/wp-json/wp/v2/product_tag/94.json]
[localhost/AnhMinh/tu-khoa-san-pham/inox/index.html]
[localhost/AnhMinh/tu-khoa-san-pham/inox/feed/index.html]
[localhost/AnhMinh/wp-json/wp/v2/product_tag/93.json]
[localhost/AnhMinh/tu-khoa-san-pham/probiker/index.html]
[localhost/AnhMinh/san-pham/gang-probiker-ngon-cut-gu-inox/index3424.html]
[localhost/AnhMinh/san-pham/gang-probiker-ngon-cut-gu-inox/indexb451.html]
[localhost/AnhMinh/index4978.html]
[localhost/AnhMinh/san-pham/gang-oakley-ngon-cut/index3424.html]
[localhost/AnhMinh/san-pham/gang-oakley-ngon-cut/indexb451.html]
[localhost/AnhMinh/index85b0.html]
[localhost/AnhMinh/san-pham/gang-black-hawk-ngon-dai/indexb451.html]
[localhost/AnhMinh/index4bd3.html]
[localhost/AnhMinh/san-pham/balo-chien-thuat-7d/indexac7c.html]
[localhost/AnhMinh/tu-khoa-san-pham/probiker/feed/index.html]
[localhost/AnhMinh/wp-json/wp/v2/product_tag/101.json]
[localhost/AnhMinh/tu-khoa-san-pham/7d/index.html]
[localhost/AnhMinh/tu-khoa-san-pham/7d/feed/index.html]
[localhost/AnhMinh/wp-json/wp/v2/product_tag/102.json]
[localhost/AnhMinh/tu-khoa-san-pham/balo-7d/index.html]
[localhost/AnhMinh/san-pham/balo-chien-thuat-7d/indexe865.html]
[localhost/AnhMinh/index8ee7.html]
[localhost/AnhMinh/san-pham/balo-chien-thuat-3p/indexe865.html]
[localhost/AnhMinh/tu-khoa-san-pham/balo-7d/feed/index.html]
[localhost/AnhMinh/wp-json/wp/v2/product_tag/99.json]
[localhost/AnhMinh/tu-khoa-san-pham/3p/index.html]
[localhost/AnhMinh/tu-khoa-san-pham/3p/feed/index.html]
[localhost/AnhMinh/wp-json/wp/v2/product_tag/100.json]
[localhost/AnhMinh/tu-khoa-san-pham/balo-3p/index.html]
[localhost/AnhMinh/wp-content/plugins/forminator/assets/forminator-ui/fonts/forminator-icons-font8782.svg]
[localhost/AnhMinh/cua-hang/page/2/indexef9b.html]
[localhost/AnhMinh/cua-hang/page/3/indexef9b.html]
[localhost/AnhMinh/cua-hang/page/2/indexe865.html]
[localhost/AnhMinh/cua-hang/page/3/indexe865.html]
[localhost/AnhMinh/cua-hang/page/2/indexac7c.html]
[localhost/AnhMinh/tu-khoa-san-pham/balo-3p/feed/index.html]
[localhost/AnhMinh/cua-hang/page/3/indexac7c.html]
[localhost/AnhMinh/cua-hang/page/2/index19c7.html]
[localhost/AnhMinh/cua-hang/page/3/index19c7.html]
[localhost/AnhMinh/cua-hang/page/2/index2ee2.html]
[localhost/AnhMinh/cua-hang/page/3/index2ee2.html]
[localhost/AnhMinh/cua-hang/page/2/index12d7.html]
[localhost/AnhMinh/cua-hang/page/3/index12d7.html]
[localhost/AnhMinh/cua-hang/page/2/index65dc.html]
[localhost/AnhMinh/cua-hang/page/3/index65dc.html]
[localhost/AnhMinh/cua-hang/page/2/indexb451.html]
[localhost/AnhMinh/cua-hang/page/3/indexb451.html]
[localhost/AnhMinh/cua-hang/page/2/index3424.html]
[localhost/AnhMinh/cua-hang/page/3/index3424.html]
[localhost/AnhMinh/cua-hang/page/2/index8e5f.html]
[localhost/AnhMinh/cua-hang/page/3/index8e5f.html]
[localhost/AnhMinh/cua-hang/page/2/indexb08b.html]
[localhost/AnhMinh/cua-hang/page/3/indexb08b.html]
[localhost/AnhMinh/cua-hang/page/2/indexcbac.html]
[localhost/AnhMinh/cua-hang/page/3/indexcbac.html]
[localhost/AnhMinh/cua-hang/page/1/index.html]
[localhost/AnhMinh/indexffa6.html]
[localhost/AnhMinh/index481e.html]
[localhost/AnhMinh/wp-content/plugins/woocommerce/assets/css/photoswipe/default-skin/default-skin.svg]
[localhost/AnhMinh/tu-khoa-san-pham/mu/page/2/index.html]
[localhost/AnhMinh/tu-khoa-san-pham/mu-bao-hiem/page/2/index.html]
[localhost/AnhMinh/cua-hang/page/1/indexef9b.html]
[localhost/AnhMinh/cua-hang/page/1/indexe865.html]
[localhost/AnhMinh/cua-hang/page/1/indexac7c.html]
[localhost/AnhMinh/cua-hang/page/1/index19c7.html]
[localhost/AnhMinh/cua-hang/page/1/index2ee2.html]
[localhost/AnhMinh/cua-hang/page/1/index12d7.html]
[localhost/AnhMinh/cua-hang/page/1/index65dc.html]
[localhost/AnhMinh/cua-hang/page/1/indexb451.html]
[localhost/AnhMinh/cua-hang/page/1/index3424.html]
[localhost/AnhMinh/cua-hang/page/1/index8e5f.html]
[localhost/AnhMinh/cua-hang/page/1/indexb08b.html]
[localhost/AnhMinh/cua-hang/page/1/indexcbac.html]
[localhost/AnhMinh/tu-khoa-san-pham/mu/page/1/index.html]
[localhost/AnhMinh/tu-khoa-san-pham/mu-bao-hiem/page/1/index.html]
[localhost/AnhMinh/cua-hang/index17c5.html]
[localhost/AnhMinh/cua-hang/index7abb.html]
[localhost/AnhMinh/cua-hang/index7aa2.html]
[localhost/AnhMinh/cua-hang/index4f95.html]
[localhost/AnhMinh/cua-hang/index554f.html]
[localhost/AnhMinh/cua-hang/index2dbd.html]
[localhost/AnhMinh/cua-hang/indexbda2.html]
[localhost/AnhMinh/cua-hang/indexbb49.html]
[localhost/AnhMinh/cua-hang/index07b1.html]
[localhost/AnhMinh/cua-hang/index99e1.html]
[localhost/AnhMinh/cua-hang/index4276.html]
[localhost/AnhMinh/cua-hang/indexe69e.html]
[localhost/AnhMinh/cua-hang/page/2/index049c.html]
[localhost/AnhMinh/cua-hang/page/3/index049c.html]
[localhost/AnhMinh/cua-hang/page/2/index9892.html]
[localhost/AnhMinh/cua-hang/page/3/index9892.html]
[localhost/AnhMinh/cua-hang/page/2/index866d.html]
[localhost/AnhMinh/cua-hang/page/3/index866d.html]
[localhost/AnhMinh/cua-hang/page/2/indexc1d0.html]
[localhost/AnhMinh/cua-hang/page/3/indexc1d0.html]
[localhost/AnhMinh/cua-hang/page/2/index1c12.html]
[localhost/AnhMinh/cua-hang/page/3/index1c12.html]
[localhost/AnhMinh/cua-hang/page/2/index3482.html]
[localhost/AnhMinh/cua-hang/page/3/index3482.html]
[localhost/AnhMinh/cua-hang/page/2/indexcecc.html]
[localhost/AnhMinh/cua-hang/page/3/indexcecc.html]
[localhost/AnhMinh/cua-hang/page/2/index7a1d.html]
[localhost/AnhMinh/cua-hang/page/3/index7a1d.html]
[localhost/AnhMinh/cua-hang/page/2/index4347.html]
[localhost/AnhMinh/cua-hang/page/3/index4347.html]
[localhost/AnhMinh/cua-hang/page/2/indexc0d1.html]
[localhost/AnhMinh/cua-hang/page/3/indexc0d1.html]
[localhost/AnhMinh/cua-hang/page/2/indexf162.html]
[localhost/AnhMinh/cua-hang/page/3/indexf162.html]
[localhost/AnhMinh/cua-hang/page/2/indexc233.html]
[localhost/AnhMinh/cua-hang/page/3/indexc233.html]
[localhost/AnhMinh/cua-hang/page/1/index049c.html]
[localhost/AnhMinh/cua-hang/page/1/index9892.html]
[localhost/AnhMinh/cua-hang/page/1/index866d.html]
[localhost/AnhMinh/cua-hang/page/1/indexc1d0.html]
[localhost/AnhMinh/cua-hang/page/1/index1c12.html]
[localhost/AnhMinh/cua-hang/page/1/index3482.html]
[localhost/AnhMinh/cua-hang/page/1/indexcecc.html]
[localhost/AnhMinh/cua-hang/page/1/index7a1d.html]
[localhost/AnhMinh/cua-hang/page/1/index4347.html]
[localhost/AnhMinh/cua-hang/page/1/indexc0d1.html]
[localhost/AnhMinh/cua-hang/page/1/indexf162.html]
[localhost/AnhMinh/cua-hang/page/1/indexc233.html]
[localhost/AnhMinh/cua-hang/index049c.html]
[localhost/AnhMinh/cua-hang/index9892.html]
[localhost/AnhMinh/cua-hang/index866d.html]
[localhost/AnhMinh/cua-hang/indexc1d0.html]
[localhost/AnhMinh/cua-hang/index1c12.html]
[localhost/AnhMinh/cua-hang/index3482.html]
[localhost/AnhMinh/cua-hang/indexcecc.html]
[localhost/AnhMinh/cua-hang/index7a1d.html]
[localhost/AnhMinh/cua-hang/index4347.html]
[localhost/AnhMinh/cua-hang/indexc0d1.html]
[localhost/AnhMinh/cua-hang/indexf162.html]
[localhost/AnhMinh/cua-hang/indexc233.html]
